Archive member included to satisfy reference by file (symbol)

C:\Users\dthes\SimplicityStudio\v4_workspace\Mesh_Smoke_Receiver-master\protocol\bluetooth\lib\EFR32XG13X\GCC\libpsstore.a(store.c.obj)
                              (__nvm3Base)
C:\Users\dthes\SimplicityStudio\v4_workspace\Mesh_Smoke_Receiver-master\protocol\bluetooth\lib\EFR32XG13X\GCC\libpsstore.a(crc32.c.obj)
                              store.c.obj (symbol from plugin) (bg_crc_init)
C:\Users\dthes\SimplicityStudio\v4_workspace\Mesh_Smoke_Receiver-master\protocol\bluetooth\lib\EFR32XG13X\GCC\libbluetooth_mesh.a(bgapi.c.obj)
                              ./main.o (symbol from plugin) (gecko_cmd_msg_buf)
C:\Users\dthes\SimplicityStudio\v4_workspace\Mesh_Smoke_Receiver-master\protocol\bluetooth\lib\EFR32XG13X\GCC\libbluetooth_mesh.a(bgapi_gatt.c.obj)
                              bgapi.c.obj (symbol from plugin) (bgapi_gatt_listener)
C:\Users\dthes\SimplicityStudio\v4_workspace\Mesh_Smoke_Receiver-master\protocol\bluetooth\lib\EFR32XG13X\GCC\libbluetooth_mesh.a(bgapi_gatt_lib.c.obj)
                              ./main.o (symbol from plugin) (sli_bt_cmd_gatt_server_send_user_write_response)
C:\Users\dthes\SimplicityStudio\v4_workspace\Mesh_Smoke_Receiver-master\protocol\bluetooth\lib\EFR32XG13X\GCC\libbluetooth_mesh.a(bgapi_hardware.c.obj)
                              ./main.o (symbol from plugin) (sli_bt_cmd_hardware_set_soft_timer)
C:\Users\dthes\SimplicityStudio\v4_workspace\Mesh_Smoke_Receiver-master\protocol\bluetooth\lib\EFR32XG13X\GCC\libbluetooth_mesh.a(bgapi_le_connection.c.obj)
                              ./main.o (symbol from plugin) (sli_bt_cmd_le_connection_close)
C:\Users\dthes\SimplicityStudio\v4_workspace\Mesh_Smoke_Receiver-master\protocol\bluetooth\lib\EFR32XG13X\GCC\libbluetooth_mesh.a(bgapi_ps.c.obj)
                              ./main.o (symbol from plugin) (sli_bt_cmd_flash_ps_erase_all)
C:\Users\dthes\SimplicityStudio\v4_workspace\Mesh_Smoke_Receiver-master\protocol\bluetooth\lib\EFR32XG13X\GCC\libbluetooth_mesh.a(bgapi_system.c.obj)
                              ./main.o (symbol from plugin) (sli_bt_cmd_system_get_bt_address)
C:\Users\dthes\SimplicityStudio\v4_workspace\Mesh_Smoke_Receiver-master\protocol\bluetooth\lib\EFR32XG13X\GCC\libbluetooth_mesh.a(bgbuf.c.obj)
                              bgapi.c.obj (symbol from plugin) (bgbuf_chain_free)
C:\Users\dthes\SimplicityStudio\v4_workspace\Mesh_Smoke_Receiver-master\protocol\bluetooth\lib\EFR32XG13X\GCC\libbluetooth_mesh.a(bglib.c.obj)
                              ./main.o (symbol from plugin) (gecko_wait_event)
C:\Users\dthes\SimplicityStudio\v4_workspace\Mesh_Smoke_Receiver-master\protocol\bluetooth\lib\EFR32XG13X\GCC\libbluetooth_mesh.a(bondingdb.c.obj)
                              bglib.c.obj (symbol from plugin) (bondingdb_get_max_bonds)
C:\Users\dthes\SimplicityStudio\v4_workspace\Mesh_Smoke_Receiver-master\protocol\bluetooth\lib\EFR32XG13X\GCC\libbluetooth_mesh.a(btl_interface.c.obj)
                              bgapi.c.obj (symbol from plugin) (bootloader_getInfo)
C:\Users\dthes\SimplicityStudio\v4_workspace\Mesh_Smoke_Receiver-master\protocol\bluetooth\lib\EFR32XG13X\GCC\libbluetooth_mesh.a(efr32xg1x.c.obj)
                              bglib.c.obj (symbol from plugin) (bg_hal_set_ctune)
C:\Users\dthes\SimplicityStudio\v4_workspace\Mesh_Smoke_Receiver-master\protocol\bluetooth\lib\EFR32XG13X\GCC\libbluetooth_mesh.a(gap.c.obj)
                              bglib.c.obj (symbol from plugin) (gap_reset_state)
C:\Users\dthes\SimplicityStudio\v4_workspace\Mesh_Smoke_Receiver-master\protocol\bluetooth\lib\EFR32XG13X\GCC\libbluetooth_mesh.a(gap_adv.c.obj)
                              gap.c.obj (symbol from plugin) (gap_adv_update)
C:\Users\dthes\SimplicityStudio\v4_workspace\Mesh_Smoke_Receiver-master\protocol\bluetooth\lib\EFR32XG13X\GCC\libbluetooth_mesh.a(gap_periodic_adv-stubs.c.obj)
                              bglib.c.obj (symbol from plugin) (ubt_gap_alloc_periodic_adv)
C:\Users\dthes\SimplicityStudio\v4_workspace\Mesh_Smoke_Receiver-master\protocol\bluetooth\lib\EFR32XG13X\GCC\libbluetooth_mesh.a(gap_periodic_scan-stubs.c.obj)
                              bglib.c.obj (symbol from plugin) (ubt_gap_alloc_periodic_scan)
C:\Users\dthes\SimplicityStudio\v4_workspace\Mesh_Smoke_Receiver-master\protocol\bluetooth\lib\EFR32XG13X\GCC\libbluetooth_mesh.a(gap_resolver.c.obj)
                              gap.c.obj (symbol from plugin) (gap_address_resolver_step)
C:\Users\dthes\SimplicityStudio\v4_workspace\Mesh_Smoke_Receiver-master\protocol\bluetooth\lib\EFR32XG13X\GCC\libbluetooth_mesh.a(gap_scan.c.obj)
                              gap.c.obj (symbol from plugin) (gap_status_set_scan_packet)
C:\Users\dthes\SimplicityStudio\v4_workspace\Mesh_Smoke_Receiver-master\protocol\bluetooth\lib\EFR32XG13X\GCC\libbluetooth_mesh.a(gap_whitelist-stubs.c.obj)
                              bondingdb.c.obj (symbol from plugin) (gap_whitelist_clear_list)
[...]
Memory Configuration

Name             Origin             Length             Attributes
FLASH_BOOTLOADER 0x0fe10000         0x00004000         xr
FLASH            0x00000000         0x00080000         xr
RAM              0x20000000         0x00010000         xrw
*default*        0x00000000         0xffffffff

Linker script and memory map

LOAD c:/siliconlabs/simplicitystudio/v4/developer/toolchains/gnu_arm/7.2_2017q4/bin/../lib/gcc/arm-none-eabi/7.2.1/thumb/v7e-m/fpv4-sp/softfp/crti.o
LOAD c:/siliconlabs/simplicitystudio/v4/developer/toolchains/gnu_arm/7.2_2017q4/bin/../lib/gcc/arm-none-eabi/7.2.1/thumb/v7e-m/fpv4-sp/softfp/crtbegin.o
LOAD c:/siliconlabs/simplicitystudio/v4/developer/toolchains/gnu_arm/7.2_2017q4/bin/../lib/gcc/arm-none-eabi/7.2.1/../../../../arm-none-eabi/lib/thumb/v7e-m/fpv4-sp/softfp/crt0.o
START GROUP
LOAD C:\Users\dthes\AppData\Local\Temp\cc5vP1N0.ltrans0.ltrans.o
LOAD C:\Users\dthes\AppData\Local\Temp\cc5vP1N0.ltrans1.ltrans.o
LOAD C:\Users\dthes\AppData\Local\Temp\cc5vP1N0.ltrans2.ltrans.o
LOAD C:\Users\dthes\AppData\Local\Temp\cc5vP1N0.ltrans3.ltrans.o
LOAD C:\Users\dthes\AppData\Local\Temp\cc5vP1N0.ltrans4.ltrans.o
LOAD C:\Users\dthes\AppData\Local\Temp\cc5vP1N0.ltrans5.ltrans.o
LOAD C:\Users\dthes\AppData\Local\Temp\cc5vP1N0.ltrans6.ltrans.o
LOAD C:\Users\dthes\SimplicityStudio\v4_workspace\Mesh_Smoke_Receiver-master\protocol\bluetooth\lib\EFR32XG13X\GCC\libpsstore.a
LOAD C:\Users\dthes\SimplicityStudio\v4_workspace\Mesh_Smoke_Receiver-master\protocol\bluetooth\lib\EFR32XG13X\GCC\binapploader.o
LOAD C:\Users\dthes\SimplicityStudio\v4_workspace\Mesh_Smoke_Receiver-master\protocol\bluetooth\lib\EFR32XG13X\GCC\libcoex.a
LOAD C:\Users\dthes\SimplicityStudio\v4_workspace\Mesh_Smoke_Receiver-master\protocol\bluetooth\lib\EFR32XG13X\GCC\libbluetooth_mesh.a
LOAD c:/siliconlabs/simplicitystudio/v4/developer/toolchains/gnu_arm/7.2_2017q4/bin/../lib/gcc/arm-none-eabi/7.2.1/../../../../arm-none-eabi/lib/thumb/v7e-m/fpv4-sp/softfp\libm.a
END GROUP
START GROUP
LOAD c:/siliconlabs/simplicitystudio/v4/developer/toolchains/gnu_arm/7.2_2017q4/bin/../lib/gcc/arm-none-eabi/7.2.1/thumb/v7e-m/fpv4-sp/softfp\libgcc.a
LOAD c:/siliconlabs/simplicitystudio/v4/developer/toolchains/gnu_arm/7.2_2017q4/bin/../lib/gcc/arm-none-eabi/7.2.1/../../../../arm-none-eabi/lib/thumb/v7e-m/fpv4-sp/softfp\libc_nano.a
LOAD c:/siliconlabs/simplicitystudio/v4/developer/toolchains/gnu_arm/7.2_2017q4/bin/../lib/gcc/arm-none-eabi/7.2.1/../../../../arm-none-eabi/lib/thumb/v7e-m/fpv4-sp/softfp\libnosys.a
END GROUP
START GROUP
LOAD c:/siliconlabs/simplicitystudio/v4/developer/toolchains/gnu_arm/7.2_2017q4/bin/../lib/gcc/arm-none-eabi/7.2.1/thumb/v7e-m/fpv4-sp/softfp\libgcc.a
LOAD c:/siliconlabs/simplicitystudio/v4/developer/toolchains/gnu_arm/7.2_2017q4/bin/../lib/gcc/arm-none-eabi/7.2.1/../../../../arm-none-eabi/lib/thumb/v7e-m/fpv4-sp/softfp\libg_nano.a
LOAD c:/siliconlabs/simplicitystudio/v4/developer/toolchains/gnu_arm/7.2_2017q4/bin/../lib/gcc/arm-none-eabi/7.2.1/../../../../arm-none-eabi/lib/thumb/v7e-m/fpv4-sp/softfp\libc_nano.a
END GROUP
START GROUP
LOAD c:/siliconlabs/simplicitystudio/v4/developer/toolchains/gnu_arm/7.2_2017q4/bin/../lib/gcc/arm-none-eabi/7.2.1/thumb/v7e-m/fpv4-sp/softfp\libgcc.a
LOAD c:/siliconlabs/simplicitystudio/v4/developer/toolchains/gnu_arm/7.2_2017q4/bin/../lib/gcc/arm-none-eabi/7.2.1/../../../../arm-none-eabi/lib/thumb/v7e-m/fpv4-sp/softfp\libc_nano.a
END GROUP
LOAD c:/siliconlabs/simplicitystudio/v4/developer/toolchains/gnu_arm/7.2_2017q4/bin/../lib/gcc/arm-none-eabi/7.2.1/thumb/v7e-m/fpv4-sp/softfp/crtend.o
LOAD c:/siliconlabs/simplicitystudio/v4/developer/toolchains/gnu_arm/7.2_2017q4/bin/../lib/gcc/arm-none-eabi/7.2.1/thumb/v7e-m/fpv4-sp/softfp/crtn.o

.text_bootloader
                0x0fe10000        0x0
 *(.binbootloader*)
                0x0fe10000                . = ALIGN (0x4000)

.text_apploader
                0x00000000     0xa7c0
 *(.binapploader*)
 .binapploader  0x00000000     0xa7c0 C:\Users\dthes\SimplicityStudio\v4_workspace\Mesh_Smoke_Receiver-master\protocol\bluetooth\lib\EFR32XG13X\GCC\binapploader.o

.text_signature
                0x0000a7c0       0x40
                0x0000a800                . = ALIGN (0x800)
 *fill*         0x0000a7c0       0x40 
                0x0000a800                __text_start__ = .

.text_application
                0x0000a800    0x31d6c
 *(.vectors)
 .vectors       0x0000a800       0xfc C:\Users\dthes\AppData\Local\Temp\cc5vP1N0.ltrans0.ltrans.o
                0x0000a800                __Vectors
                0x0000a8fc                __Vectors_End = .
                0x000000fc                __Vectors_Size = (__Vectors_End - __Vectors)
                0x0000a8fc                __end__ = .
 *(.application_properties)
 .application_properties
                0x0000a8fc       0x40 C:\Users\dthes\AppData\Local\Temp\cc5vP1N0.ltrans0.ltrans.o
                0x0000a8fc                bg_application_properties
 *(.gecko_configuration)
 *(.xo_configuration)
 *(.gatt_header)
 .gatt_header   0x0000a93c       0x34 C:\Users\dthes\AppData\Local\Temp\cc5vP1N0.ltrans6.ltrans.o
                0x0000a93c                bg_gattdb_data
 *(.gatt_data)
 .gatt_data     0x0000a970      0x2b8 C:\Users\dthes\AppData\Local\Temp\cc5vP1N0.ltrans6.ltrans.o
                0x0000a970                bg_gattdb_data_attribute_field_30
                0x0000a978                bg_gattdb_data_attribute_field_29
                0x0000a98e                bg_gattdb_data_attribute_field_28
                0x0000a9a0                bg_gattdb_data_attribute_field_26
                0x0000a9a8                bg_gattdb_data_attribute_field_25
                0x0000a9b0                bg_gattdb_data_attribute_field_24
                0x0000a9b8                bg_gattdb_data_attribute_field_23
                0x0000a9c0                bg_gattdb_data_attribute_field_22
                0x0000a9c4                bg_gattdb_data_attribute_field_20
                0x0000a9cc                bg_gattdb_data_attribute_field_19
                0x0000a9d4                bg_gattdb_data_attribute_field_18
                0x0000a9dc                bg_gattdb_data_attribute_field_17
                0x0000a9e4                bg_gattdb_data_attribute_field_16
                0x0000a9e8                bg_gattdb_data_attribute_field_15
                0x0000a9f6                bg_gattdb_data_attribute_field_14
                0x0000a9fe                bg_gattdb_data_attribute_field_13
                0x0000aa02                bg_gattdb_data_attribute_field_12
                0x0000aa06                bg_gattdb_data_attribute_field_11
                0x0000aa10                bg_gattdb_data_attribute_field_10
                0x0000aa18                bg_gattdb_data_attribute_field_9
                0x0000aa20                bg_gattdb_data_attribute_field_8
                0x0000aa24                bg_gattdb_data_attribute_field_7
                0x0000aa2c                bg_gattdb_data_attribute_field_6
                0x0000aa34                bg_gattdb_data_attribute_field_5
                0x0000aa3c                bg_gattdb_data_attribute_field_4
                0x0000aa44                bg_gattdb_data_attribute_field_2
                0x0000aa4c                bg_gattdb_data_attribute_field_1
                0x0000aa54                bg_gattdb_data_attribute_field_0
                0x0000aa58                bg_gattdb_data_adv_uuid128_map
                0x0000aa59                bg_gattdb_data_adv_uuid16_map
                0x0000aa5a                bg_gattdb_data_attributes_dynamic_mapping_map
                0x0000aa6c                bg_gattdb_data_uuidtable_128_map
                0x0000aa8c                bg_gattdb_data_uuidtable_16_map
                0x0000aab4                bg_gattdb_data_attributes_map
 *(.text*)
 .text          0x0000ac28       0x40 c:/siliconlabs/simplicitystudio/v4/developer/toolchains/gnu_arm/7.2_2017q4/bin/../lib/gcc/arm-none-eabi/7.2.1/thumb/v7e-m/fpv4-sp/softfp/crtbegin.o
 .text          0x0000ac68       0x74 c:/siliconlabs/simplicitystudio/v4/developer/toolchains/gnu_arm/7.2_2017q4/bin/../lib/gcc/arm-none-eabi/7.2.1/../../../../arm-none-eabi/lib/thumb/v7e-m/fpv4-sp/softfp/crt0.o
                0x0000ac68                _mainCRTStartup
                0x0000ac68                _start
 .text          0x0000acdc     0x5bac C:\Users\dthes\AppData\Local\Temp\cc5vP1N0.ltrans0.ltrans.o
                0x0000af86                gecko_init_alloc
                0x0000b368                sleepCallbackWrapper.lto_priv.339
                0x0000b588                Default_Handler
                0x0000b588                CRYPTO0_IRQHandler
                0x0000b588                EMU_IRQHandler
                0x0000b8cc                Reset_Handler
                0x0000b90c                CORE_EnterCritical
                0x0000b914                hci_increase_token
                0x0000b926                gatt_db_find_attribute_by_type
                0x0000b95c                gatt_db_get_16bit_char_handle
                0x0000b982                gatt_db_get_data
                0x0000bac0                gatt_db_calculate_hash
                0x0000bb98                validate_scanning_phymask.lto_priv.482
                0x0000bbc8                gap_set_advertising_timeout.part.6
                0x0000bc34                check_private_address_and_timer
                0x0000bd04                bondingdb_handle_valid.lto_priv.390
                0x0000bd28                ubt_sm_get_bond_data
                0x0000bf40                bondingdb_is_bonded
                0x0000bf60                ubt_sm_set_bond_data
                0x0000c088                handle_database_changed.part.4.lto_priv.393
                0x0000c104                gecko_stack_update_callback
                0x0000c114                bgbuf_chain_add
                0x0000c128                bgbuf_chain_len
                0x0000c3c0                gap_stop_advertising
                0x0000c3ec                bgbuf_prepend_no_alloc
                0x0000c42e                bgbuf_chain_pop_packet
                0x0000c454                bgbuf_append_data
                0x0000c478                header_invalid
                0x0000c496                crc32_calc.lto_priv.387
                0x0000c4c4                find_obj
                0x0000c520                flash_write_u32.lto_priv.386
                0x0000c5e8                int32_from_buf.lto_priv.462
                0x0000c5ec                DMD_writeColor.part.2
                0x0000c88c                SYSTEM_ChipRevisionGet
                0x0000c8c0                MSC_Deinit
                0x0000c8d4                MSC_Init
                0x0000c8f4                erase_db
                0x0000c924                GPIO_PinModeSet
                0x0000c994                EMU_DCDCLnRcoBandSet
                0x0000c9bc                EMU_VScaleGet.lto_priv.391
                0x0000c9d0                CORE_SetNvicRamTableHandler
                0x0000c9e0                CORE_EnterAtomic
                0x0000c9e8                CORE_ExitCritical
                0x0000c9ee                hci_send_command
                0x0000ca28                hci_state_listener_init
                0x0000ca4e                gap_scan_update
                0x0000cb54                gap_listener
                0x0000cd34                bgbuf_free
                0x0000cdac                hci_state_listener_init_default_data_length
                0x0000ce1c                bgbuf_chain_defragment
                0x0000cea8                bgbuf_chain_drop_end
                0x0000ceea                bgbuf_chain_drop
                0x0000cf18                bgbuf_chain_free
                0x0000d158                ubt_gap_set_adv_data
                0x0000d228                bgbuf_alloc_int.lto_priv.385
                0x0000d2d4                bgbuf_chain_append_data
                0x0000d48a                bgbuf_clone
                0x0000d4fc                bgbuf_alloc
                0x0000d508                gap_start_advertising.part.22
                0x0000d8ca                bgbuf_prepend
                0x0000d8ee                CORE_ExitAtomic
                0x0000d8f2                CMU_OscillatorEnable
                0x0000da64                SystemHFXOClockGet
                0x0000da70                CMU_ClockSelectGet
                0x0000db38                CMU_ClockEnable
                0x0000dc04                SystemULFRCOClockGet
                0x0000dc0a                SystemLFXOClockGet
                0x0000dc14                SystemLFRCOClockGet
                0x0000dc1a                CMU_UpdateWaitStates
                0x0000dc38                setHfLeConfig.lto_priv.392
                0x0000dc7c                SystemHFClockGet
                0x0000dcc4                EMU_VScaleEM01ByClock
                0x0000ddf0                CMU_ClockFreqGet
                0x0000de40                CMU_ClockSelectSet
                0x0000e3d8                _write
                0x0000e418                _sbrk
                0x0000e43c                _read
                0x0000e4cc                _lseek
                0x0000e4d0                _isatty
                0x0000e4d4                _fstat
                0x0000e4de                _exit
                0x0000e4e0                _close
                0x0000e4e4                handle_bgapi_output.lto_priv.463
                0x0000e560                sli_bt_cmd_handler_delegate
                0x0000e67c                user_signal_message_handler.lto_priv.338
                0x0000e8a0                sli_bt_cmd_gatt_server_send_characteristic_notification
                0x0000e960                bgapi_ubt_listener
                0x0000f018                gatt_db_set_data
                0x0000f514                hci_state_listener_idle
 .text.unlikely
                0x00010888      0x2f8 C:\Users\dthes\AppData\Local\Temp\cc5vP1N0.ltrans0.ltrans.o
 .text.startup  0x00010b80     0x17f0 C:\Users\dthes\AppData\Local\Temp\cc5vP1N0.ltrans0.ltrans.o
                0x00010b80                main
 .text          0x00012370     0x662c C:\Users\dthes\AppData\Local\Temp\cc5vP1N0.ltrans1.ltrans.o
                0x00012370                s1d1fe569f48f4695cf975fb7049294189d8381952755705e9612a5b0c31f4019.lto_priv.611
                0x000123a6                sc785ef8de60e84bbce74c76403bc73a44f021803f067017d01032dfe15bc7154
                0x000123a8                sd45e870e9993edb51c25ecd1c7d26e0892a3b33570c2877c2790663e66304613
                0x000124b8                sff31fd901ed768bfeac3718826234a9e83febe44880a5e6dca958bba918ea4ad.lto_priv.642
                0x00012500                sfd7e6cd9879f13db0d70b7a813e1a8cc44b5f56f40b0355b979a89be2703b47c.lto_priv.588
                0x0001257c                see5d3e034913eed9d5cbacfb0c238aa1f005e5c0abb194d6673d9c8f7cfe2caa.lto_priv.639
                0x00012668                s605763977546e6c7997d4fe3fabca6af73198860783e5646cc14a47293b5bcb4.lto_priv.630
                0x00012724                se9d7ac380e86a435765bad96faab818b7797163d7aedd070448a1ddf7ce92407.lto_priv.623
                0x00012794                s40ac6080d50292e0bcc148e6260402d1dcfeae705153fc74b4b5aad7bafafc2e.lto_priv.615
                0x000127ee                sa151772c57e289b3c8433320c44830e14d342896c00c76bdbfc06374e13afd7f.lto_priv.638
                0x00012870                s2448674cad418eebda22297f0782e83ce3a4470b1f2798ab073335754f4b392c.lto_priv.637
                0x000128f8                s0dff3751aa74eae97bdde94bf83e356937b4b9af3de5676c5867be8c67f8ebfe.lto_priv.633
                0x00012962                s4d0561f8cb47a3a4de452ae2c8b74af9f451d09a435f647c6eea1b8694b16578.lto_priv.629
                0x000129ba                s2306c0f1a75b48c4d3b27abd34b0e49a3cc5e505fc2f1707444f2673398d62a0.lto_priv.626
                0x00012a04                sc2c7a544258798e609bc1ead30373c3cf257eb08c9cfb90d73d005055be133ea.lto_priv.622
                0x00012a4e                scdcb8fb8ce6f5b62dbe548efee32cbfbc28c66b7c48726569785a6453585cb9b.lto_priv.618
                0x00012a98                s9b0f69149fd0b5b8b3175e2ba432de75d7a1e8b6f83b16c9d8ae48ed30863f8a.lto_priv.614
                0x00012ae2                sff5a63dfb5fb1b348a70ef8896b98c779902465aab4ac8d9290c3b9e6d114fe2.lto_priv.609
                0x00012b2c                s14a18b2d294aa358412503c585128718d1cfc19d2502f875ee17e77fc3fbb877.lto_priv.634
                0x00012c28                s13ce943da279f96c241661f4b535350b7e9ad41dc8771d569d72c3463eb309fa.lto_priv.619
                0x00012da0                s7d02f6ad9ea90f6afefd4e20dc71defa26774d4126b01ff4d6757b5f9203a889.lto_priv.610
                0x00012e3a                sdda762f7744f32643252943ebc07db784567cac72755e9b5eb35882ffcced39d
                0x00012e3e                sd832da62bd6e174891d9cb143cf85f3f951d5659bacd32717e75dae1e01d4de9
                0x00012f3c                sc0271a2e28c9e15e53edb0e8d2a3c96d7ef18d0d62f9a1dfcf85c198e3ed8ae6.lto_priv.644
                0x00012f74                se9aca1401a4aeeb4ad2a6d894d69a12d0a4ffd97ea2f28496601479e956c55d7.lto_priv.643
                0x000130f4                s8ae99f3d2e6cbfd3ceb13957e77ea3128eafdceb290144ef7fa29980bae37ab3.lto_priv.641
                0x000131d8                s51cdf91e2c5753a507b803e34c0a34f4ced47b51f44f3fb3bea61e1237a84027
                0x000132d2                s7d80bef3951baa1e84bb810d1c50d3fff54ac6288cd0cd6481371b03aeb6cffa.lto_priv.659
                0x00013320                s5c75606b08626b42af15b8ad1e08422b24b9707430786558f886e2106212d42c
                0x00013398                s7514114587e469f166421282eab3abf2b2b5026b0aa766ae533c73aed082d6dc
                0x000133c4                s61d59556a7d1ed0f44be5a9935a173f4113205689c2546f9ede33b6957b8fdad
                0x000133d6                s258899977d8361c3467c5cfa905db17d7f1c7bf8d51c1734dedfdee7af5ba7b3
                0x00013408                sa834b71f15d26482783303ba2ed6d661b56d1d59c95b4f04031778f1ee417941
                0x00013420                s486fd7b951dbfc8cdb9291a07b8aeb7086799e83a6c32c9a997a79363b02f97f
                0x0001344c                s1e8d1e607c3e4de9a4e1d9301c925f5915de70a7b683a635906e27ee9c26334a.lto_priv.663
                0x00013510                s461da4995be371d5229d4ef6df27eb288009c04575a828cd5190c73fc9bb7701.lto_priv.678
                0x00013530                sa69955766f78372ecbd9ba75d61dc3ecd1212602b499ec291d504f6382c1d6da.lto_priv.679
                0x0001354c                s5bd7fc0094645465a48876a6bb3d737a25dcef0a2fae361618a60d377273f2a9.lto_priv.528
                0x0001355c                s489cc45e477392026d2b7e3ce559fd9c5b5600674f552d67b27eb768eeb71420.part.2.lto_priv.516
                0x0001358c                s9543d0d0c06e52a3801b95739eb33736c05090b34755023d0ca2c6686263dcb6.lto_priv.513
                0x0001361c                s970b34b10c910c0f80a4fa9fc26e848e43fad4fb80880b45904ca99a98216e29.lto_priv.522
                0x00013630                s8461f37184966dd9e134ff828eb356269de12a1d19ae191d03b3304b2c1ffc08.lto_priv.514
                0x00013648                se2632604085a3cccccf8ffe31018216024f8bef695db7499d3c2333f7873176d.lto_priv.511
                0x00013688                sd0af30e7c4384bb0d9ca4ab41c7e3e174d3cd5fd6768702cc73587f3a9bc1e50.lto_priv.520
                0x00013774                sbe495096f2db26c98af3eec82575eff5bc48a4bfda54536cc70012962e7810f1.lto_priv.515
                0x000137a0                s6319678aa5bd717f42308ae6e708a96d712211dae9be9802697acc37926bf1de.lto_priv.521
                0x00013854                sa0e709cd206419051b883298c25e6cb3ad596597ddc590ee6fa8eef6f92d5688
                0x00013884                sa47352d654fe09080c21fb8c1de49345966ba8b026b9253de5c8f8ff5bab8138.lto_priv.512
                0x000138a4                s931a59b64b47d3864eddbb43efa9a7b7cda1f0325d0c354e5d30edff56ac09d6.lto_priv.525
                0x000138ec                s8443096ca4d82da7d2ac8319b00d7fc633546656b72007b8365c5b9497ee22af.lto_priv.510
                0x00013b48                s0a4b4c393976893c81cff6bde2e2683b15a58bf14f13039db10bb869aa6af8dd.lto_priv.668
                0x00013b68                sf38ec184796d8892eeea210be6c553dd5c5a37a48fc668c9d0cc8085df1b630f.lto_priv.579
                0x00013bbc                s1137bc52329f341771933a286526e40f9c3528a73a3675dcd47aaadf5348fe0f
                0x00013be4                se5ab3fcfa8068d1a59e05e582a4a1d944f9668211282b7892c2065423f4c5f7f
                0x00013c00                sc8bcac38c05d97472593f5d0123d5b71918689eecfe172a0521397c331a41f4b
                0x00013c24                sfafbb68b822a17b0f89961a660d022f8afa8b784ce4070b15c0704a6e718f9c6
                0x00013c84                sd605f9b8a0d15aff07d935be73157f57e2066612cd76c2d9b9af44349bd5c6e1.lto_priv.676
                0x00013d4c                sba6e51f2126b71ce0b8d03dee72585d0b84b8491e62ebf2a433b210dd98bcbd9
                0x00013df4                s0d4f15001cecf01d7a3298020be54bb99cb6c1f5c2a0c096dd643b6005dd61e8
                0x00013e28                sdd95b2dd1c2c3da0512add0327637f784afb060131facbcfb036898424e72335
                0x00013e84                sde23a69ce523c5822190f6f97ed8287decca88fa76c9a7ebba9d5e9be97a920e.part.0
                0x00013f8c                s27b345de3593e2e07c3ac1a4fd5542c0c94b7bcc39754536a223702164f00cb9
                0x00013fd4                s6499df689077a11366c7e9d7f961a2a007cf99edf025c5dd63562dc219824797
                0x0001401c                sa16d047bc4bfe50f3eb09b08455f9718280dd7df867b506ea8b9e88a27adfcfa
                0x000140ae                s51f32bc9aba04227917df10d4ab14ad65920e3b93e48b9ed7f1ed45ba2e19ccf.lto_priv.640
                0x0001420c                sf17b478cdb4595ee820ee1241ce94c23c81432d671f66ff851fbf34d42f42a89.lto_priv.635
                0x00014334                s463fb4563538fe6bdb18ff388a724b28902d6c4f4c0de8a557170206bc1606d4.lto_priv.631
                0x00014404                s3fe9d1c592cbe7c46f0fba9d3f04bedba13ead598fe4ea80a5bb784171a04673.lto_priv.627
                0x00014498                s0d8317c71966bcef88e23eb1eddc43f6908bb6794c5754a52a5edf2e934afb04.lto_priv.624
                0x00014500                se3111323fe54e74677d4c6ea26d7a787e6118307917d5b4493e34b88a4af00ad.lto_priv.620
                0x00014592                seaef91225b95b9851ddff572ef7600e94a93beff5276793eba4457521dd9498b.lto_priv.616
                0x000145fe                s506b72d9b55a0e3f0de4e9cc5b4be0e4a67e42cc4635e8f24fc2ec8c5bc06e19.lto_priv.612
                0x00014fb8                s1b5e0d66e35958bb09b77590caf03d791c49d2c841a2e0616238096f8edfc2c8
                0x00015268                s67fbd12e2899f50a814201b537e071ecd43ef12141c17c8d503a97806d05dfb5
                0x00015454                sb794843ebf8ca7d0b8fa8a080f46d07cd54c385b70d91865b54db09e1ee62110.lto_priv.636
                0x000154da                sbec56cfa1603c435b2dd0cbd078ddafc4f1e1b7c23aaf9a8d99f151ef81912e5.lto_priv.632
                0x00015566                sf6ac5938f61b614bf5499e4ae99265eaad471d87af60ea6f9b38ff7abb0ad555.lto_priv.628
                0x000155f2                s430b0262f84e1934ec90308ee7dc22ec085a927007cbfc7f7fd76ffa2603b5fe.lto_priv.625
                0x0001566c                s957c3741337df0bd2b6c86e39e667c462fadd429eebdceeddc2c6baf8bdeb39c.lto_priv.621
                0x000156f8                sc9c9d3a97ecab0bb2fb52624f9d6d97a7ac7a49260805cb290996633aa76a2cc.lto_priv.617
                0x00015782                sf4335590bf16c43781e0dce512718f2edff5ea813da6f004c7eeda22d094d448.lto_priv.613
                0x0001580e                se22e850e47978b0cd8ed0eef2e941bb8260fa5712551802822c3d2a35ac156a2.lto_priv.608
                0x00015898                sa1cb5e23a5031f760dd776792721692457e390d3c8dee77fd829aa1245867095
                0x000158c4                sa38d1ea4ba67ca61e3bee5b13d29d8f6edf71bc9250169536802f28b9a1840a0.lto_priv.530
                0x00015a0c                s11da25d0c6a1b1664385caecaacf00715fee8e62eae94a7e2fecaf867af616ac
                0x00015a6a                sd3ca2fd91bf5a7176a312f3df1d5b47d4ec273275976eb9abcc8a2b2efc1e06e.lto_priv.677
                0x00015ccc                s84782d9238cfb2284aa6cecbf7a2481a3d80d9247cea9cc23319692ff30b4671
                0x00015d1a                s93648730a9090fb3f80241287de9a035e5127c8559de5e5740d763b5178bfc83
                0x00015d7c                se1adfd5fb5f0b29d457d086a2536fdc87f0a43a5a185ae343aca08532478c40e
                0x00015e24                sace1e8f3cbf5bd6755973b40129a887ad8e36e093f5248329cf55cba9d23e8f3.lto_priv.411
                0x00015ea0                s6166fb75fff0be28fe9fa0837e48de177e55f76f65954655c591fcdf98ccac3c
                0x00015fe0                sbc16681b03f21d269738323b9d2a04547a282b2eb25c3943c6a1dab5bea5b7e6.lto_priv.645
                0x000162dc                s5188ed6b8b94d52e3a6da2fe345f1b35ed8de0e73eb9e50eb1763882f2d66dbf
                0x00016354                s39db7ebd3e5ed573254afa2bc3386b07f7da85ff53c967b731b4807df502a35b.lto_priv.660
                0x0001644c                s465558b8dc97aee94bcf2b1dc9a735c1a01afe68f9a389b90f25855f4b860068
                0x000164d8                s815d2e653b39b9edf8d8248691e6fa2f8764bc535bfe291d9b17fda9bf764b9c
                0x00016544                s69aace4aa0cb043b5f6ee96cd6701b1567491e9b7477b193efaa725695fb747b.lto_priv.662
                0x000167fc                s82df7e6bb506393a66088a5a1c405770e21615bfb9cbb749d8c96e59adffc5eb.lto_priv.587
 .text.unlikely
                0x0001899c      0x3bc C:\Users\dthes\AppData\Local\Temp\cc5vP1N0.ltrans1.ltrans.o
                0x00018b0c                s6ef512d855cd8f96886e9d5d6e10c70edf4a3c6d5be679021f0fdb17b0c3409c.part.4.lto_priv.524
                0x00018b70                s172e37252c8a9282762437e126db6695a7c20107fe803c17a5a816a7f8855a59.lto_priv.523
                0x00018ba4                s89433602994c78984dc8abcabdc81d32e51211d447f734d51eadf3801a395059
 .text          0x00018d58     0x61a0 C:\Users\dthes\AppData\Local\Temp\cc5vP1N0.ltrans2.ltrans.o
                0x00018d78                s3b589556edc6a267efe7b4376fbce04785ed80759da71d04a339c5ff222ef1cf.lto_priv.649
                0x00018ddc                s81faadf2240d32e0f0d10a504cc060509d59cdd6ba54e99cfb931b545528941a.lto_priv.648
                0x00018e0c                s11387e75193375e040f5a4b2573ea7da320de47f01b0335ec2ddc182cdb94006
                0x00018e3a                sc958ded43eaaf4a3a9e0b0b46178999dfa8e06abe7c86c85da085c3654adbb25
                0x00018eb8                s8b3512f9ccc786cca68b5df23cf0cb92ca349dfbe8c01ae4848c8a1715d14941
                0x0001912e                s868d0f1ac6c67bbe0e49b5b5f24ca083b289822b6147f8a6de807a235b4ad311.lto_priv.651
                0x00019132                s11099a2a8099b33432298acbecd454db74b48c170ebaa4a91fa545af69071c63.lto_priv.646
                0x00019164                ccm_aes_setkey_wrap.lto_priv.382
                0x00019198                bgapi_test_lib_msg_handler
                0x000191f0                sli_bt_cmd_le_gap_set_advertise_configuration
                0x000192bc                sli_bt_cmd_le_gap_set_advertise_report_scan_request
                0x0001932c                sli_bt_cmd_le_gap_set_advertise_channel_map
                0x00019434                s0b1355cfd4b9add1a5ddc1db885078922d8f91c35d8049291812052837ffceb6
                0x00019450                sb98c317e83862427c21911c889332b6671ccb3a943ba36e2ee6b5e9d794f3fae
                0x00019914                sli_bt_cmd_le_gap_set_discovery_type
                0x0001996c                sli_bt_cmd_le_gap_set_discovery_timing
                0x000199e8                sli_bt_cmd_le_gap_start_discovery
                0x00019a78                sli_bt_cmd_le_gap_end_procedure
                0x00019ac4                sli_bt_cmd_le_gap_stop_advertising
                0x00019b3c                sli_bt_cmd_le_gap_set_advertise_timing
                0x00019c4c                s13ffcfe03672183607a508b9edf195305036f9f6269f9ac97d92b261677e1971
                0x00019cb8                s035841cd0b09bec3661afc7a9d5acb9abb35cc334c73116c61f9074fc690507a
                0x00019cf0                s8d3530dc39603e345396a2e796410f927692864ddb9873feff71d3b61ef307c3
                0x00019cf0                bgbuf_copy_to
                0x00019d4e                s8a5bef321cc3d9647dbff8dd66eb6ba40679510bed54d07be193b0d30c8ea3f5
                0x00019d96                swapl.lto_priv.424.lto_priv.509
                0x00019d9a                sf323aa71ec3db59fc5804d5465b26fd019cbade3b9e8abef9a9c4023798ac85d
                0x00019f34                sbbcedd3d6bf5f54c79d7dde6d595a05a07c791f5e8c9829e42128264b25b21fb
                0x0001a0c0                sb3b3599c6b1ecc5aaac6d85192b1a1aca93f29e6ef02194f686c5e16a47dae57
                0x0001a0cc                s0230b1d8afaa2775510cb74740ad43103feaadac11dfd6c9442272eb757f63c1.lto_priv.529
                0x0001a0e4                sd178d478e36585d4b199798b8de5dba308f0f2d5e125c647136402c876068230
                0x0001a12e                s574e042e7edc8182eadc6eca0efea1bcc85e0c56ecd66d89daca568539d1dfce
                0x0001a142                s737faf453539424f2397f9cbc4a622a81ba0ce1268995fc8bd5f65f324c0fa2e.lto_priv.415
                0x0001a15c                sb34b8e73ee2fae33b115ab313a899c588df3e9da61498665c078fb5c32a396ce.lto_priv.388
                0x0001a1a4                sd283998979a5539bae7a77487b3fbff0ac503bdca65e51eb722b050f561f9f27
                0x0001a1a4                mesh_lib_deserialize_request
                0x0001a33c                sf4d0076aa46b9c217b12fefc033f11f9f4254c09b5ba5382d97cc84db24a7508
                0x0001a35c                sccf905d264644590f10a3f24feb2f8f134a7a30cf162fd6884354074d0b73a27
                0x0001a470                sa85afd833f7f23350d35f3c6496d54a5eea4e5a320657f4919667c2f85be8914.lto_priv.753
                0x0001a4e8                ll_linkGetWindowWidening
                0x0001a540                ll_connEncDataToBuffer
                0x0001a568                ll_connEncBufferToData
                0x0001a594                ll_connValidateParams
                0x0001a5ce                ll_connUpdateMaxPacketLengths
                0x0001a640                ll_connGetHandleByConn
                0x0001a66c                ll_connGetByHandle
                0x0001a694                bg_bit_clr_exclusive.lto_priv.434.lto_priv.699
                0x0001a694                bg_bit_clr_exclusive.lto_priv.432.lto_priv.697
                0x0001a694                bg_bit_clr_exclusive.lto_priv.433.lto_priv.693
                0x0001a694                bg_bit_clr_exclusive.lto_priv.436.lto_priv.691
                0x0001a694                bg_bit_clr_exclusive.lto_priv.435.lto_priv.694
                0x0001a6a6                bg_bit_set_exclusive.lto_priv.441.lto_priv.692
                0x0001a6a6                bg_bit_set_exclusive.lto_priv.438.lto_priv.701
                0x0001a6a6                bg_bit_set_exclusive.lto_priv.439.lto_priv.684
                0x0001a6a6                bg_bit_set_exclusive.lto_priv.398.lto_priv.399
                0x0001a6a6                bg_bit_set_exclusive.lto_priv.397.lto_priv.420
                0x0001a6a6                bg_bit_set_exclusive.lto_priv.437.lto_priv.702
                0x0001a6b6                ll_connEncryptionConnectionInit
                0x0001a6ec                ll_connRaiseEvents
                0x0001a938                bg_bit_clr_atomic.lto_priv.444.lto_priv.752
                0x0001a938                bg_bit_clr_atomic.lto_priv.443.lto_priv.683
                0x0001a938                bg_bit_clr_atomic.lto_priv.442.lto_priv.685
                0x0001a950                bg_bit_set_atomic.lto_priv.394.lto_priv.419
                0x0001a950                bg_bit_set_atomic.lto_priv.395.lto_priv.396
                0x0001a950                bg_bit_set_atomic.lto_priv.446.lto_priv.682
                0x0001adf8                ll_channelmapUpdate
                0x0001ae76                ll_connInitNew
                0x0001b064                ll_channelmapUsedChannels
                0x0001b08c                ll_channelmapGetChannelMap
                0x0001b0a4                ll_connUpdatedChannelClassification
                0x0001b10c                ll_advExtUpdateChannelMap
                0x0001b12c                ll_advGetByHandle
                0x0001b174                set_change_awareness
                0x0001b1ac                set_client_features
                0x0001b20c                crypto_management_release
                0x0001b240                CRYPTO_DataReadUnaligned.lto_priv.453.lto_priv.703
                0x0001b240                CRYPTO_DataReadUnaligned.lto_priv.454.lto_priv.695
                0x0001b27e                CRYPTO_DataWriteUnaligned.lto_priv.455.lto_priv.704
                0x0001b27e                CRYPTO_DataWriteUnaligned.lto_priv.456.lto_priv.696
                0x0001b2c2                mbedtls_aes_init.part.4
                0x0001b2ca                mbedtls_aes_setkey_enc
                0x0001b306                aes_setkey_enc_wrap.lto_priv.378
                0x0001b308                mbedtls_cipher_update
                0x0001b3ac                mbedtls_cipher_cmac_update
                0x0001b474                mbedtls_cipher_setup
                0x0001b4a8                mbedtls_mpi_cmp_mpi
                0x0001b528                mbedtls_mpi_cmp_int
                0x0001b542                mbedtls_mpi_bitlen
                0x0001b582                bg_pool_free
                0x0001b5d4                bg_pool_alloc
                0x0001b5f0                bg_message_run
                0x0001b684                bg_message_call
                0x0001b6b2                bg_message_remove_receivers
                0x0001b6e4                bg_message_enqueue_free_callback.lto_priv.389
                0x0001b798                bg_message_send
                0x0001b948                sc953a6367c6256e3020b7afec84180819689fca8cff6568ca5753dd20446e831
                0x0001b9ec                bg_message_cancel_matching
                0x0001ba44                s97a5396703eb6ca51dfbe67b56bf9a5c419b55a9d5b388843dbed9f725cc1f9b
                0x0001ba98                sc4605ce1ec44172e02c1d703c61cbd40d66df20e508336eefa0f65b3b0bcf0c9
                0x0001bb50                s4857d65f4633e93043b3f2ca2b4c133009204f81d083a085fef0c54b96137113
                0x0001bb98                s32895e2d81863832c2fd3096921295ad085b7ac38654368e3b3489cd111f897c
                0x0001bbdc                s5132fcb547516bb17ef6290ea96d29a6bb00ff4b545a9772998f7c8d650f89e3.lto_priv.747
                0x0001bbee                bg_malloc
                0x0001bc0c                sc700b159814d1fcb458736d216103eb43bc0c0dc93787529c62236d0ce1823ab.lto_priv.413
                0x0001bd00                sfb0cf5d8585993fe4b3f66f86597a294acbb616aa4cd313f03fed171dcc5a593
                0x0001bd44                s5402b93321248c6d7a79ba38e68d2b5c52185b6869c5f9160fc92c8d78c01d93.lto_priv.414
                0x0001be26                s99dd0bc6b2959371a49dc7b77bd462f8768183f91a9460986b6ba187f6a2d9bc
                0x0001bf98                s21391b019880d10eb12c2d6fe9c6358f4fa977f7abe2bfc7ac3a0cd10c34d697
                0x0001bfd6                s7e10d94f1709404cee62ef67a8efb974c733f628768641709a32e1983b4aeeae
                0x0001bfec                sc458a71ec5d79d9e96bc35dc9f4504f398908a7444d0099d85c28046f838ddfa
                0x0001c044                s14ecc8d9f88ba9f03cbd05ec00f6a2ca380c9a38610d273541d374752474e688.part.5
                0x0001c09c                bg_message_add_receiver
                0x0001c0c0                bg_event_allocate
                0x0001c0e8                att_buf_send
                0x0001c104                att_send_pdu
                0x0001c110                att_alloc_pdu_copy_data
                0x0001c146                att_alloc_buf
                0x0001c15a                att_alloc_pdu
                0x0001c16a                att_send_execute_write_response
                0x0001c184                att_send_write_response
                0x0001c19e                att_send_error_response
                0x0001c1c4                acl_find_by_index
                0x0001c1e0                acl_find_by_hci_handle
                0x0001c1fc                sl_free
                0x0001c212                aes_ctx_free.lto_priv.381
                0x0001c224                ccm_ctx_free.lto_priv.384
                0x0001c234                mbedtls_mpi_free
                0x0001c260                mbedtls_ecp_point_free.part.8
                0x0001c27a                mbedtls_ecp_point_free
                0x0001c280                sl_calloc
                0x0001c298                aes_ctx_alloc.lto_priv.380
                0x0001c2ae                ccm_ctx_alloc.lto_priv.383
                0x0001c2c8                mbedtls_mpi_grow
                0x0001c31c                mbedtls_mpi_lset
                0x0001c344                mbedtls_mpi_shift_r
                0x0001c3b8                mbedtls_mpi_read_binary
                0x0001c424                mbedtls_mpi_copy
                0x0001c478                mbedtls_ecp_copy
                0x0001cc32                mbedtls_mpi_sub_mpi
                0x0001d0ec                mbedtls_ecp_check_pubkey
                0x0001d2f0                ll_connFree
                0x0001d348                ll_advTaskStopHandle
                0x0001d7f0                ll_advExtTaskHandlerWaitTx
                0x0001da18                ll_advTaskHandlerWaitTx
                0x0001db3c                ll_connAlloc
                0x0001db98                ll_advUpdateMaxEventLength
                0x0001dc98                crypto_management_acquire_preemption
                0x0001de14                crypto_management_release_preemption
                0x0001e2a8                ll_connSendData
                0x0001e478                ll_connEnableDataFlow
                0x0001e490                ll_connEncryptionFail
                0x0001e4e0                CRYPTO_KeyBufWriteUnaligned.lto_priv.452.lto_priv.700
                0x0001e4e0                CRYPTO_KeyBufWriteUnaligned.lto_priv.451.lto_priv.705
                0x0001e52c                ll_connEncryptionSetSessionKey
                0x0001e784                aes_crypt_ctr_wrap.lto_priv.377
                0x0001e7c8                bg_random_get_data
                0x0001e88c                s0c2b662bae0bdcfc01036c725e6863fb6c786a796321f679c37a9ceb9122e03e.lto_priv.650
                0x0001e91c                s7f7323da7602612d7f812f15f1be00a6e63f5691f05c640dc23d0eaa61641d2b.lto_priv.652
                0x0001e9a8                sadef9eacdca53769fc67c73c5ff692f8bd7a3cb6a4103196e6c7afbcb47342cf.lto_priv.653
                0x0001ea10                s6a62e765c5b6378a8836ba160e501c532995f57fca44fd9a840708ac28426953.lto_priv.647
                0x0001ea66                se4871fd4159aced756c5d1e74a092c538de59273b96e45d4a673a1e04b2a5301
                0x0001ea72                mbedtls_aes_crypt_ecb
                0x0001eb14                aes_crypt_ecb_wrap.lto_priv.376
                0x0001eb16                aes_setkey_dec_wrap.lto_priv.379
                0x0001ec28                se804accd20a669736116a5118995909c30c964eb7ff52e585ae4c5d82659b884
                0x0001ed5c                mbedtls_ecp_group_free
                0x0001edba                mbedtls_cipher_cmac_finish
                0x0001eec8                mbedtls_cipher_free
 .text.unlikely
                0x0001eef8      0x3e8 C:\Users\dthes\AppData\Local\Temp\cc5vP1N0.ltrans2.ltrans.o
                0x0001ef86                mbedtls_mpi_safe_cond_assign
                0x0001efee                ecp_safe_invert_jac.lto_priv.417
                0x0001f036                ecp_normalize_jac_many.lto_priv.418
                0x0001f2a8                s65193894a691d8a2be1f5d816dd0c7d085935218511aec3e595356424046a1f0.lto_priv.751
 .text          0x0001f2e0     0x4c90 C:\Users\dthes\AppData\Local\Temp\cc5vP1N0.ltrans3.ltrans.o
                0x0001f30c                s3c9a8bc8cac6ce11f25eaf0e56455839c84bd8bb5d289b38670031e846794e82.lto_priv.505
                0x0001f34c                BG_PRORTC_IRQHandler
                0x0001f37c                timer_get_counter
                0x0001f388                ll_task_default_callback.lto_priv.340
                0x0001f398                ubt_event_free
                0x0001f4fa                s57f8c7eb3cf2b4ef86d7e43e3397e8eb65517761d02dec4391588d56dc94f337.lto_priv.345
                0x0001f850                sb0d1e38bc099e67b6b98bb58f507a0841c180a1ba7b821060db8850284c3dc21
                0x0001f876                s0d9d1f76664be79ba1abcce97fcba0730e367ac4879063606d19347e8e4ba7f3
                0x0001f98c                sa102bf3ee23c43066cb3b66ce3aa54a319701cbc811de6725b1fa63cc8d2cba2
                0x0001f9a4                scbaec31ddb5d13107208f0117b324ca50a584e926a059f4dfd20e589637814bd
                0x0001f9d4                scfcf336de942625c1dc69a2180ef78bf0e53bd749897df74adc0a2e46614ea09
                0x0001fa04                sccc56680471fe250f84449308bbd32474e021701ea624002d2be52ed2ce0543e
                0x0001fa80                s1578580c0eb764fef6b052bff1363da5c2af7728cc242c03b7bd8b73383765f6
                0x0001fac4                sde47def65c476ed5edbbf5d7a211ab8667e354daaaa0eea188c767a301f036c5
                0x0001fb00                sd4e2e89a6d06adae5094b21aca093181a850c49f296e655ba59f7be2ea7c2fe1
                0x0001fb30                s90c84759621cefa52e71aa7d21e3d173e147aee079b783c749689a6759cd2cc7
                0x0001fb4c                sc1c8581158f8d54ccb651101605d39e5fa3f151ed30f2b05c08354eea1fc6af8.lto_priv.519
                0x0001fb7c                sda8f9b4f74779d38d2efd6f598b41a02b546c88a09910316fa625d7043a042d7.lto_priv.564
                0x0001fbd8                sc3c21926092b809147ac0e795b67b0db471ab0820961d84b2556ee9702295266
                0x0001fc14                s010a34822fe88769466439592f284852a218284af69d4290be152829dd6633d6
                0x0001fc50                s613820278ac7487476503187c625fff08b2cc7db2462f25f1d796ec94d3d7cac
                0x0001fd60                sd5a29bbd5a740d419b817e60051ed2f1a05287e38ab4f0b25ed1e2c63d9ec03d.lto_priv.506
                0x0001fd9c                saf5a8ad5d06e4d135258360e380791baac2bf976b859ccabbc52c9edd421d120
                0x0001fe14                sc50bb134d61e263df618595fcf333e80c110accd730f57652064f57c40267dca
                0x0001fe84                sb51d0ed49c4fb7c87d32cb731da6371fe612a792f857b7658f0ac0f1fee1ca09
                0x0001ffee                sd10f4c30a81441836a494eb673bb61a057b81a9730be8d7533511ed8ca137ad8
                0x00020006                s4708308c1860c342151c15307959d52bd3110396ba50f1b3ef7732f67f7c921e
                0x00020054                sdc0c1b41c740d8fb71e0d4e5c6e7154440f97447dd504e8edc154d583eb84714
                0x000200d8                sb2472d255e3762b53fb06043006e2e8dc97c115e823e8a5b6c7bda10d29e408e
                0x00020114                s7738b0dc228b5b42fb1006f2f0f1a262c14af2d060f16bceff4a50e5ce2a502a
                0x00020210                s3bca6196714eb9a6b0a747fc979d44c11b939bf2c32b31884fb22bda09f8a97b
                0x000203f0                s3a59ff4400674636b70ce2fd38f13edb1d523ce95735a00d20e74b1b4d2e741f
                0x0002041c                s08cd66a005391a5d3a3c051e963ab5717ca0ad7ccb81d4b557f0093fe3e5786f
                0x0002062c                s3b8a5216a21b409b2af84a8b102c099761b9d39f59e35fa2563dd624294a63ca
                0x00020678                sb546fd4627ded084e00827cd19c78651a24dad1bb85af71a7987d92c4c4d8a32
                0x000206d4                s6e261926ec77bdda7866b3f6242d836d5609cb6c04164bea1326ff75d4b5b5ea
                0x00020728                s9b43492d11c5942d69730ad57cf983698035b481c47ca6387a6dcaaa19b9f9ab
                0x00020748                sb57dcb140a9739228c3e3d80af9cbc0ce31be8626f87416a28a7dec1bcd1a728
                0x00020a54                s46f333a1f9a54040958e6a24da57b5d11369c34c3d0756cb74962e3b50abd6a1
                0x00020ae0                sli_bt_cmd_mesh_generic_client_set
                0x00020bec                scc641f9636927c6efc2da1e7272a8b8372428138e306acbf76afbf49282a5b20
                0x00020c0c                s016e44ad02430fe1c887dcb26e8e278c1956ab61fa50bdfddcd1db9abaa78f37
                0x00020c6c                s2fb2ed474264015c59430d3514046cd88ac77d30448716aca80af0d1aed6440e
                0x00020cbc                sd6923ba4408c8366fcdcf4f0fcd99f09f4af006f323837969d9527a15ffb8f63.lto_priv.555
                0x00020cec                se99b90363a9e24c2160934a697088fbeb6dcbfcddc276b52568cca8e831f5b38
                0x00020d88                sdc854476dedba7ee62449ead0ca4a5e87d864f604676abd573962c4415133edb.isra.2.lto_priv.558
                0x00020dc4                uuid_to_handle
                0x00020e28                timer_get_time
                0x00020e78                sb58242c17b67f77b932a8ab52b7a2118bd9ec219729d3da6eab72c04261e1598
                0x000210fc                smp_ah
                0x0002118c                usch_SendEvent
                0x0002119c                usch_RemoveTask
                0x000211cc                task_fail.lto_priv.698
                0x000211d4                add_task.lto_priv.464
                0x00021234                ecode2bg
                0x00021274                ubt_pskey_read_callback
                0x0002128a                ubt_pskey_write_callback
                0x000212a0                s973ddd6c0ca2ee60ed7d60061c7865b6135e1583c879de78c2b44515426d212d
                0x000212d0                nvm3_deleteObjects
                0x0002140c                ll_to_hci_event_handler.lto_priv.342
                0x000214f8                s2e04433c0822684cffc5a5454423cda380c368077ad6f96ed63e9d811f83b5f1
                0x0002268a                sli_bt_cmd_mesh_node_init
                0x00023dbc                usch_Schedule
                0x00023f00                BTLE_LLToHCIEventSAP
                0x00023f54                BTLE_LL_EventRaise
 .text.unlikely
                0x00023f70      0x1a0 C:\Users\dthes\AppData\Local\Temp\cc5vP1N0.ltrans3.ltrans.o
                0x00023f70                see27a736c7cd6fda287f96b799db5e9ba29e9fee2725e6669fa18d57044a201a.part.11
                0x00023f88                s4c39e9736c3187430b993ac21531e1965908c1b1e8302ef37664394a968ee4f0.lto_priv.518
                0x00023fcc                s21cb9563239b6b1f4b581bf6f201afa74a7a4da092f92507a1be12ea6f67a34c
                0x00024090                s4897fcd314bd38eb271b0aeda2b1cd9f6385e3ec2a9ce761bc34a257c36ea911
                0x000240dc                s5c9b2146e76590c364a7b494a5df0097346856494689e9ab2b88049a5c887c05
 .text          0x00024110     0x5474 C:\Users\dthes\AppData\Local\Temp\cc5vP1N0.ltrans4.ltrans.o
                0x00024110                s6801f12e37631de1284d53ef6f6e5ed4de89f69891f548b571fa3b8c3658cc72.lto_priv.429
                0x000241c0                s08f300a53679656f7a691f031653d5a079f699cd242c80ee7ee101d49884e7e2.lto_priv.598
                0x000242b4                sdc8ad32b852f2e30c1d45bdb6acfa01444808e0054485188e8b6b4576d9862c5.lto_priv.583
                0x00024310                scd40c369c6d78fddc3678f3f8d35193fa73503a89727028d425eee9274f1e53d
                0x000243c4                s4c479b2eee7450534f3061860b9a070753f5aa8f80eddd4360e79ff93bbd4356
                0x0002447c                sfb1bf8d0a01446c5b9819bbe0c18617ab9ab6cd707a67370f0dc6bba68aef73b
                0x00024624                s64c6780e1763fcffaa0550ac1ab2020fa74234b18e97ec3a9fb155f96c2a3895.lto_priv.580
                0x000249c2                sdefdef071267b906150ce1a5d8f18de3bab7cb1642559c518553018e0d13f837.lto_priv.584
                0x00024a0c                s718026dad46d9ff5fb8018461e4503fa9c3fd73a1b019e430fcfd7221621af01
                0x00024af4                acl_release_
                0x00024ba4                s7546421cdb8aa8b69f9bd10cc459b77e86eda37de397ecc2ba052673a603a4a6.lto_priv.666
                0x00024be2                s52f559f119b2e272efa88a909348ec631e76f6e8fe9c01dfbbd506abe830f92f.lto_priv.665
                0x00024c0c                s846b6b1d954d062f67e4a0f0c19005936a1ae0decf3720cfc4ad2a0f22b53703
                0x00024e58                sdea0398d9279334432a021bdccde5c561f9172dd1929f4ea4b8fb3dae5e29b6c
                0x00024ed8                sf90db44990eb445bfe8e6401f928575d7358006720683f80ba86c71d6205ce33
                0x00024f66                s44e2b304507c41f2a763c8ecb9a45233440daeeca3de3d3bf5501fc74668a839
                0x00024fdc                se5104406c1906cc192f4a8656e43da3495d50fd4ae32e02ab896adf50e24a2b3
                0x000250b4                s10fab920edbca654661b02833f886ed4c05c1827aa6ed0c816a2988fadca3227.lto_priv.658
                0x000250dc                sdd7987253c08ef9460ff9ac3e8c4e2fb7a25b64d33a7d5311ebe4f9cce5b749a.lto_priv.655
                0x0002510c                s3274609a54f012d5821ac36d6d473909243159a95c1132db4ab4b81681448767.lto_priv.654
                0x00025140                s5e46356693875abf0f2324da55af43e9664afe3381bd88ed40506d7121cc13d7.lto_priv.549
                0x00025174                s949c8a8bb33ee778dc9d86a593d789eacf0786118e408b947d4e4746be0635a3.lto_priv.597
                0x000251c0                s3ccb8c055bcc88e2fa4b8546e75745b97c344a121795cb2669c2d92671425dfc
                0x000252bc                sbe7c83c825b59a8cb689a6f3594de9dd163070c4e35c0e8dc32411eb2fd39b1e
                0x000253bc                s28ab48ec51276be757e397e630efcfad7baa1a6b9133e25e089772f3fa432901
                0x000253f0                sc3a4ff073119451c2424273581cfde5390b4cacbc7c7e6ff0a450dc9f0305013
                0x000254b0                s87fcd18ce23b770a0a73262f7610c8ad5450ecf56cdbcac6a501691a28d94054
                0x000254e6                s47f254a0923e832eaae03a30295bc0b78d5bdf58789a8cffdac5ab145e0a30b8
                0x00025550                s31b7db45ee9cca47c4caef9e7bf615f9eb022b24a36fa69bbbab62cc0136470c
                0x000255c8                s4b47b79c131a3e1c0b0a41ec75414976ba369965233a0d38a1bb553691859a12
                0x000255e8                s9f28a4120978f9c05d68497575e6466bf08a8ccb12bfc3b5676e2c7b61448dda.lto_priv.673
                0x00025650                bgbuf_chain_links.lto_priv.484.lto_priv.749
                0x00025650                bgbuf_chain_links.lto_priv.483.lto_priv.566
                0x00025650                bgbuf_chain_links.lto_priv.485.lto_priv.546
                0x00025650                bgbuf_chain_links.lto_priv.488.lto_priv.672
                0x00025660                sc96a7764545327165e016ab8e2b14377315eb74f11b17df857f661d5428b61e2
                0x000256cc                s4e4d7eb332c6b55cedf79971a07fa4ba5a5c82584c45138af89ede00d375cd95
                0x000257e4                sec73a9d38c5706d505310fb1e10c08a97fee5b763202229e2922d3a8aceafd6c
                0x00025970                s55fb040aa08b291eaa549f779cc083e2d34768dbcf20b7bd68c8424e04476dc3.isra.12.lto_priv.408
                0x00025972                see038fd8a57f6b7c6943dbf678c6c4e3793c032c8e0d1365ed42f4ff9232e93c.isra.8.lto_priv.671
                0x00025974                s43e51157db489758167bdfc4aa1309ff5cce44da3f7e3a218b1bb9babeec65fb.isra.7.lto_priv.669
                0x00025976                sd798f764c4e07a091ad64c2d513f6c99befd3ecd2a4dd03018f4c59e12b3cb62.lto_priv.553
                0x000259e0                seb560195611597f180888781c34b14d166a52baba42e9f3c2b5b7302d8569844.lto_priv.552
                0x00025a00                s56469c5978a86441c52d9238e2e48b7dbfdf0ba918ca57437b12488e34b8b0d7
                0x00025a30                s05a8b7ffac750c1feffda8a6c29b4a841a98988699c150abb3cf463bbc474cc5.lto_priv.410
                0x00025a80                sca7434e6bc3d4a097e73020db66800e23d1af7e4c6d0b9135906eeca6396733f.lto_priv.561
                0x00025ab8                sa3af9e91bad0d9fcff495db86ec8f6f70fbf9fb7264fb10bd6a0bac7e5b694d8.lto_priv.403.lto_priv.404
                0x00025ab8                sa3af9e91bad0d9fcff495db86ec8f6f70fbf9fb7264fb10bd6a0bac7e5b694d8.lto_priv.402.lto_priv.421
                0x00025ac4                s9f0320dd93305954e434ad6f5fc16af422617a807dd69601bbeaf95dcf039d33.lto_priv.494.lto_priv.674
                0x00025ac4                s9f0320dd93305954e434ad6f5fc16af422617a807dd69601bbeaf95dcf039d33.lto_priv.493.lto_priv.559
                0x00025ac4                s9f0320dd93305954e434ad6f5fc16af422617a807dd69601bbeaf95dcf039d33.lto_priv.492.lto_priv.568
                0x00025ad4                s866452f9fcf8a95fbb51e99fb351f7ac90bbb5e7a221322bc5d70e8620575f03.lto_priv.406.lto_priv.407
                0x00025ad4                s866452f9fcf8a95fbb51e99fb351f7ac90bbb5e7a221322bc5d70e8620575f03.lto_priv.405.lto_priv.422
                0x00025ae2                sb241d02f9cbb6308c14fe38687e8dd1d1f5f8f2a91412a0f2e320e711f9ab8c3.lto_priv.560
                0x00025b4c                s33724cc52462d0268c706a4a6a7ff79fcd44e2538b280683628cf5400834a48d.lto_priv.499.lto_priv.563
                0x00025b4c                s33724cc52462d0268c706a4a6a7ff79fcd44e2538b280683628cf5400834a48d.lto_priv.497.lto_priv.569
                0x00025b56                sc6943775ea9926eff57d62ecd54e4fcfc0bb8e210f189d53fd6b6f4778514ebb
                0x00025bbc                sb948b4333fe4a5edb53a6727e6ebb4b3c4bbe2da92e7b34a1e5241310c37ba57.lto_priv.412
                0x00025c10                s588f0cc452bdb20a816bb1462443bcf5eb49f79ebd6448a43e16b5c8eb32e861
                0x00025c5c                s4d5835ca036f7c45ffe44c3dd317029c27aa47a98765f42d970d435246ffdda4
                0x00025f6c                sd66343d2671728b6ab57c9470420f4127c5170889ff9dd0bdc138cf9c7839f49
                0x00025fdc                sde68398e67febec1931a8069383b6f8d09bdcd2172cf3a9603a5569ffc85768e.lto_priv.661
                0x0002610c                sc32bd942c73d401ab11a103bda641797f43e3dfcbe45c249580b29e90334c34c
                0x000261d4                sa31a3cc7a82119f04720693772e4e5f91eee14ee2840572e8c847532e4100f69.lto_priv.500.lto_priv.681
                0x000265ac                s0336f54085a34ad31c957c5893fe919e6dde1abd4988794e044232e3986b9322.lto_priv.416
                0x00026624                se5e21b5b180ca3c25567280efaf98787d97c260009505f641239b1af83a915c6.lto_priv.343
                0x0002668c                s82b871aead03acf56d57f2e2f9218299409bdeb36e49d2bed52d6d2616dd53c4
                0x000266c8                s4b0b0bc3698f588a47a2752cdb8a6d6374d9a1937ae17b0e2227a6a6689cb8b8
                0x0002670c                s304e6b46b77c3fb2693e64cada2e9a4c50f4f2cfa823c0f08e512f66ba583d00
                0x00026734                s0de2033cc70869f44f3b608433b68280048bee4a51f43ead06681c98bc6688f6.lto_priv.401
                0x00026750                s4d9ff0d2d722a13beed26089e46f05fd4bf99c3d300d9bf71d0dda2a9ed5e98f.lto_priv.675
                0x00026984                s373490a6d42d43fab7e4b5c3afd95168a3caa161467e01a06eb68fc1a8db3c01.lto_priv.504.lto_priv.680
                0x00026984                s373490a6d42d43fab7e4b5c3afd95168a3caa161467e01a06eb68fc1a8db3c01.lto_priv.503.lto_priv.557
                0x00026984                s373490a6d42d43fab7e4b5c3afd95168a3caa161467e01a06eb68fc1a8db3c01.lto_priv.502.lto_priv.567
                0x0002698a                se51ab19f5bda2bf51d0f1520317514077c4ca6dbce96ce46bfc384a258ec3fcc.lto_priv.599
                0x00026a80                s20f6f9f05b408c288729b40753f84bdda8ad9dd5dd00c8a8cf5e6241969ad91f.isra.22.lto_priv.670
                0x00026bc0                mesh_trans_send_sdu
                0x00027034                sedf9700db641f277fec86a933b7324a42a26688e175f4901172a513d7578f020.lto_priv.582
                0x00027208                s8d1a3c0d75c0375dcebe986bc3a5c9e54692c77cdef0a35642126340b0a6f233
                0x000275b8                sa3f32c3bb9a19e372ac8e2a3c0a055911db3d992f146e1076056b397ea7aeefc.lto_priv.664
                0x0002776c                s96168397d6ca046bd04fdcb496072f8b43207c64916ff26037234a9cb534fae4
                0x00027828                s2e7dc317f8c96f9edeac535fa6731b9f858cf8ee2a40d7950b8dd99fc9a4e08d.lto_priv.657
                0x000278a8                s8c5210abc04863abe3913b65a4daa1270007a7d051540344b222af084027e005.lto_priv.656
                0x00027a78                s21ca876d2abe45e41156bde10314747ff7e3c5f3f9ab45e5c394435b429ce737
                0x00028054                s27b586a344b939e721764e80750615cb28d585f222faec646e428757f04881e7.lto_priv.409
                0x00028284                sa94f4db31908df26a302b7aa2c2ed417800a7d8564a626b358807d42b9d6647d.lto_priv.667
                0x000292cc                s2b4f20553f5516d49e52be7dd8b338e79af2e36dc20b35ea8eb0a206e449264d.lto_priv.344
 .text.unlikely
                0x00029584       0x60 C:\Users\dthes\AppData\Local\Temp\cc5vP1N0.ltrans4.ltrans.o
                0x00029584                sd0966d64f0d3e6b82d71702aaca1acf5a13b6fd7e8f9cb120ae51e50447cca81
                0x000295be                sd560fe4cd43270458ec69d8ccd9ee16e89c2d76ec55e454dce7c01e10bafca2f
 *fill*         0x000295e4        0x4 
 .text          0x000295e8     0x4cb8 C:\Users\dthes\AppData\Local\Temp\cc5vP1N0.ltrans5.ltrans.o
                0x000296d8                ll_radioTimerExpired.lto_priv.606
                0x000297cc                bg_pre_sleep
                0x000297ce                bg_post_wakeup
                0x000297d0                ll_hciCmdLeReadPhy
                0x000299f2                ll_bgbuf_callback.lto_priv.341
                0x00029ca0                ll_hciCmdSetAdvertisingSetRandomAddress
                0x00029ce0                ll_hciCmdSetExtendedScanResponseData
                0x00029d1c                ll_hciCmdSetExtendedAdvertisingData
                0x00029d58                ll_radioGetMaxTxPower
                0x00029d70                ll_hciCmdSetExtendedAdvertisingParameters
                0x00029f68                ll_radioLoadPacket
                0x00029fb4                ll_radioGetPacketTimeWithPhy
                0x00029fd8                ll_radioRandom
                0x00029ffc                ll_randomInit
                0x0002a01c                ll_radioReadRxPacketDetails
                0x0002a074                ll_radioReadRxPacket
                0x0002a180                ll_hciCall
                0x0002a1a0                hci_command_shared_response
                0x0002a1b0                hci_command_init_shared
                0x0002a1d8                hci_command_alloc
                0x0002a206                hci_le_set_ext_scan_enable
                0x0002a23c                hci_le_set_extended_advertising_enable
                0x0002a278                hci_close_acl
                0x0002a2c0                hci_state_listener
                0x0002a38c                ll_radioSetMaxTxPower
                0x0002a40c                ll_radioSetRfPathCompensation
                0x0002a430                ll_radioInit
                0x0002a568                ll_startOrQueueProcedure
                0x0002a828                hci_send_acl
                0x0002a91c                l2cap_send_update_parameters_response.lto_priv.750
                0x0002a964                l2cap_message_handler
                0x0002a9a0                l2cap_send_fixed_channel
                0x0002b2f0                ll_llcpUpdateChannelMap_sender.lto_priv.430
                0x0002b69c                ll_radioRxAfterTx
                0x0002b6fc                ll_radioTxAfterRx
                0x0002b7f8                ll_radioTxSchedule
                0x0002b848                ll_radioTxStart
                0x0002b880                ll_radioStop
                0x0002bb0c                ll_radioRxSchedule
                0x0002bbf4                ll_radioConfigureChannel
                0x0002c696                ll_scanTaskPrimaryHandler
                0x0002c99c                gecko_priority_handle
                0x0002e240                ll_randomAesCtrEncrypt.lto_priv.400
 .text          0x0002e2a0     0x3b98 C:\Users\dthes\AppData\Local\Temp\cc5vP1N0.ltrans6.ltrans.o
                0x0002e480                s4599ec689acc7819ff2aba5a096e3a5aa93a16ed529d3af521352448df7a845e
                0x0002e4f2                sb597be739f08890206c16b910999507957e9bd076467662505a071f7fe9234e5
                0x0002e568                s584c1b8f67fcae92aa17a9b0ba6e18fa17f767219e20a8681a847f27576b1059
                0x0002e6ec                s152d00665c34be0fad3fdbb09dccaa9fd1d73e18f25d1c83666f87dbf83f2d0d
                0x0002e80c                graphPrintCenter.constprop.327
                0x0002e9c0                USART_InitSync.constprop.311
                0x0002ea84                bgbuf_alloc_copy_data.constprop.289
                0x0002eaae                ccm_auth_crypt.constprop.281
                0x0002ed68                mbedtls_ccm_setkey.constprop.277
                0x0002edc0                se41e706e69954bea5efc184520f1cb0c4989540580c3ab8c05c21c29b2f141a2.constprop.270
                0x0002ee10                s7e70bd2e3c33ef4832233e8b7a8d20298b5843292d53128a92c9c067b8075960.constprop.258
                0x0002ee64                bgbuf_alloc_size.constprop.257
                0x0002ee78                s6c332994fe473d8c6d7287fdba27655babb8a34b76917cb56e491ea6c5c41e59.constprop.256
                0x0002eea8                gecko_register_bgapi_library.constprop.241
                0x0002eee4                nvm3_readData.constprop.231
                0x0002ef18                bondingdb_find_by_data.part.2.constprop.190
                0x0002ef68                hci_command_init_shared_bgbuf.constprop.188
                0x0002efbc                swap_endianess.constprop.185
                0x0002efd8                gatt_set_enabled_caps.constprop.170
                0x0002f030                ll_randomGetData.constprop.147
                0x0002f0a0                s93baf23e1d3581910833384a0dc10bfd03e7d4a7e887b49dca1e3db7cb683065.constprop.123
                0x0002f0ae                _mesh_foundation_send_byte_array_impl.constprop.115
                0x0002f160                s57105b6b67a5a1a57af2d2fa7124fa5b3af61d1e8649d44ca5c585f11d77b20d.constprop.114
                0x0002f22c                s19a087910183f906f9c481b4f4b761e4d5d16b17c8f79e2d16fd446a1ecb3d00.part.5.constprop.100
                0x0002f2b0                sf1698a540af62f2121c58cc977681babcabb135582d1b2417945a35da0c6f5ed.part.4.constprop.98
                0x0002f31e                ubt_gap_set_le_mode.constprop.79
                0x0002f380                s5bf33b4513e161d24959069ee87afdc55c29797ef4321b6da8869ae856800478.constprop.74
                0x0002f468                s5a4e287e1b4db84be60319078ff3918896758de951dbdaf86b6717d9c9da2ed1.constprop.70
                0x0002f53c                se185ffc91aeeb4a5aeb3b3ea8719f7da202c48669109586304c6073c2d8a5801.constprop.69
                0x0002f634                mbedtls_mpi_write_binary.constprop.60
                0x0002f67a                mbedtls_ecp_group_load.constprop.41
                0x0002f6e8                sec937d638b1ad69c2f309cf0e8825cf768c0cc8f16b26cd0d71167f02738a7bc.constprop.22
                0x0002f704                s3f6a38eb1bfdacae3f0e68e44668dfdaf160c3583459004817a2692535ee2c62.constprop.8
                0x0002f768                ecp_crypto_device_init.isra.0.lto_priv.466
                0x0002f7ac                mbedtls_internal_ecp_grp_capable
                0x0002f7b6                ecp_crypto_ddata_write.lto_priv.467
                0x0002f82c                mpitobigint.lto_priv.465
                0x0002f86a                CRYPTO_InstructionSequenceWait.lto_priv.347.lto_priv.469
                0x0002f86a                CRYPTO_InstructionSequenceWait.lto_priv.346.lto_priv.476
                0x0002f872                CRYPTO_DDataRead.lto_priv.353.lto_priv.470
                0x0002f872                CRYPTO_DDataRead.lto_priv.352.lto_priv.478
                0x0002f896                CRYPTO_DData0Read260.lto_priv.350.lto_priv.477
                0x0002f8ac                CRYPTO_DDataWrite.lto_priv.356.lto_priv.468
                0x0002f8ac                CRYPTO_DDataWrite.lto_priv.354.lto_priv.479
                0x0002f8ac                CRYPTO_DDataWrite.lto_priv.355.lto_priv.474
                0x0002f8d0                CRYPTO_DData0Write260.lto_priv.348.lto_priv.475
                0x0002f8e8                mbedtls_zeroize.lto_priv.361.lto_priv.461
                0x0002f8e8                zeroize
                0x0002f8e8                mbedtls_zeroize.lto_priv.359.lto_priv.480
                0x0002f8e8                mbedtls_zeroize.lto_priv.358.lto_priv.481
                0x0002f8e8                mbedtls_zeroize.lto_priv.360.lto_priv.473
                0x0002f8e8                mbedtls_zeroize.lto_priv.357.lto_priv.565
                0x0002f8f8                mbedtls_ccm_free
                0x0002f90a                mbedtls_cipher_cmac_starts.constprop.273
                0x0002f954                s63308863141501af2cee2ad03cec503b7e47afb47dfdf2c816bb50fc8e1b4a79.lto_priv.370.lto_priv.550
                0x0002f954                s63308863141501af2cee2ad03cec503b7e47afb47dfdf2c816bb50fc8e1b4a79.lto_priv.367.lto_priv.548
                0x0002f954                s63308863141501af2cee2ad03cec503b7e47afb47dfdf2c816bb50fc8e1b4a79.lto_priv.373.lto_priv.508
                0x0002f954                s63308863141501af2cee2ad03cec503b7e47afb47dfdf2c816bb50fc8e1b4a79.lto_priv.362.lto_priv.517
                0x0002f954                s63308863141501af2cee2ad03cec503b7e47afb47dfdf2c816bb50fc8e1b4a79.lto_priv.374.lto_priv.507
                0x0002f954                s63308863141501af2cee2ad03cec503b7e47afb47dfdf2c816bb50fc8e1b4a79.lto_priv.364.lto_priv.556
                0x0002f954                s63308863141501af2cee2ad03cec503b7e47afb47dfdf2c816bb50fc8e1b4a79.lto_priv.371.lto_priv.527
                0x0002f954                s63308863141501af2cee2ad03cec503b7e47afb47dfdf2c816bb50fc8e1b4a79.lto_priv.372.lto_priv.526
                0x0002f954                s63308863141501af2cee2ad03cec503b7e47afb47dfdf2c816bb50fc8e1b4a79.lto_priv.365.lto_priv.554
                0x0002f954                s63308863141501af2cee2ad03cec503b7e47afb47dfdf2c816bb50fc8e1b4a79.lto_priv.363.lto_priv.562
                0x0002f954                s63308863141501af2cee2ad03cec503b7e47afb47dfdf2c816bb50fc8e1b4a79.lto_priv.366.lto_priv.551
                0x0002f954                s63308863141501af2cee2ad03cec503b7e47afb47dfdf2c816bb50fc8e1b4a79.lto_priv.368.lto_priv.547
                0x0002f954                s63308863141501af2cee2ad03cec503b7e47afb47dfdf2c816bb50fc8e1b4a79.lto_priv.369.lto_priv.545
                0x0002f978                s9d084b06f5674d0aeaaf34bae54275941eb0f7d821c61b2551587ce9234006cc
                0x0002f9fa                s93b96e97fec59bfa6d177f6ab6ea70da993636da357f74aa93d6fff1c8ef3dc2
                0x0002fa84                nvm3_writeData.constprop.282
                0x0002fd00                ll_advSetData.constprop.150
                0x0002fd90                ecp_crypto_ddata_read.lto_priv.472
                0x0003014c                crypto_mpi_div_mod.lto_priv.471
                0x00030364                mbedtls_internal_ecp_normalize_jac
                0x00030448                mbedtls_ecp_mul.constprop.47
                0x00030880                sc6a25cac090e3d88461f2ef441ffa4e45f6bdd6ba3a708ec0a17ede69a6db060.constprop.276
                0x0003092c                s7a1d99921dd719eb99e34f994a371ba26495385612b2aeafb68c4d7581143085.constprop.266
                0x00030af8                s5ce090ba1cd7e4ad2374973b49164c0ed7e79867f2f8cb15bd75251fbbc85c46.constprop.109
                0x00030bae                sb89eacf60e8a63411e636a6d5cb2f77b51d9163cd23ab901b044ac784c78344a.constprop.92
                0x00030d90                se9436459d84456d08cc275774b161ab315397612aaee958c141c01bbddda1f7a
                0x00030ef0                sbf428e250e938c932248e6b925e5fd22e6b1564cbab91c80e0f8c80a6193e336
                0x0003106c                gecko_stack_init.constprop.210
                0x00031bbc                s56c6f2598a4a6c0fdb4f70af33c9463af1ae50012b2479b6d11220e172cb6844.constprop.120
                0x00031c30                s624b99905ea1c7499f5a4eeccdc73f98dbed46764f8ce71ffe7671dd0eb930d0.constprop.119
 .text.unlikely
                0x00031e38       0xb2 C:\Users\dthes\AppData\Local\Temp\cc5vP1N0.ltrans6.ltrans.o
                0x00031ea2                l2cap_send_command_reject.constprop.168
 *fill*         0x00031eea        0x2 
 .text.RAIL_InitTxPowerCurvesAlt
                0x00031eec       0x20 C:\Users\dthes\SimplicityStudio\v4_workspace\Mesh_Smoke_Receiver-master\protocol\bluetooth\lib\EFR32XG13X\GCC\libbluetooth_mesh.a(pa_conversions_efr32.o)
                0x00031eec                RAIL_InitTxPowerCurvesAlt
 .text.RAIL_ConvertDbmToRaw
                0x00031f0c       0xc0 C:\Users\dthes\SimplicityStudio\v4_workspace\Mesh_Smoke_Receiver-master\protocol\bluetooth\lib\EFR32XG13X\GCC\libbluetooth_mesh.a(pa_conversions_efr32.o)
                0x00031f0c                RAIL_ConvertDbmToRaw
 .text.RAIL_ConvertRawToDbm
                0x00031fcc       0xb0 C:\Users\dthes\SimplicityStudio\v4_workspace\Mesh_Smoke_Receiver-master\protocol\bluetooth\lib\EFR32XG13X\GCC\libbluetooth_mesh.a(pa_conversions_efr32.o)
                0x00031fcc                RAIL_ConvertRawToDbm
 .text.RAILCore_BLE_Init
                0x0003207c       0x1c C:\Users\dthes\SimplicityStudio\v4_workspace\Mesh_Smoke_Receiver-master\protocol\bluetooth\lib\EFR32XG13X\GCC\libbluetooth_mesh.a(rail_ble.o)
                0x0003207c                RAILINT_5068bbb2b6fcc434fb14cc631c1d5448
 .text.RAIL_BLE_Init
                0x00032098        0x8 C:\Users\dthes\SimplicityStudio\v4_workspace\Mesh_Smoke_Receiver-master\protocol\bluetooth\lib\EFR32XG13X\GCC\libbluetooth_mesh.a(rail_ble.o)
                0x00032098                RAIL_BLE_Init
 .text.RAILCore_BLE_ConfigPhy1MbpsViterbi
                0x000320a0       0x28 C:\Users\dthes\SimplicityStudio\v4_workspace\Mesh_Smoke_Receiver-master\protocol\bluetooth\lib\EFR32XG13X\GCC\libbluetooth_mesh.a(rail_ble.o)
                0x000320a0                RAILINT_e88543c9b596792889571c0f7b731dba
 .text.RAIL_BLE_ConfigPhy1MbpsViterbi
                0x000320c8        0x8 C:\Users\dthes\SimplicityStudio\v4_workspace\Mesh_Smoke_Receiver-master\protocol\bluetooth\lib\EFR32XG13X\GCC\libbluetooth_mesh.a(rail_ble.o)
                0x000320c8                RAIL_BLE_ConfigPhy1MbpsViterbi
 .text.RAILCore_BLE_ConfigPhy2MbpsViterbi
                0x000320d0       0x28 C:\Users\dthes\SimplicityStudio\v4_workspace\Mesh_Smoke_Receiver-master\protocol\bluetooth\lib\EFR32XG13X\GCC\libbluetooth_mesh.a(rail_ble.o)
                0x000320d0                RAILINT_1bbb34915939a1132d22091036a46419
 .text.RAIL_BLE_ConfigPhy2MbpsViterbi
                0x000320f8        0x8 C:\Users\dthes\SimplicityStudio\v4_workspace\Mesh_Smoke_Receiver-master\protocol\bluetooth\lib\EFR32XG13X\GCC\libbluetooth_mesh.a(rail_ble.o)
                0x000320f8                RAIL_BLE_ConfigPhy2MbpsViterbi
 .text.RAILCore_BLE_ConfigPhyCoded
                0x00032100       0x2c C:\Users\dthes\SimplicityStudio\v4_workspace\Mesh_Smoke_Receiver-master\protocol\bluetooth\lib\EFR32XG13X\GCC\libbluetooth_mesh.a(rail_ble.o)
                0x00032100                RAILINT_2ee23e3f7dca1747f4df921175595919
 .text.RAIL_BLE_ConfigPhyCoded
                0x0003212c        0x8 C:\Users\dthes\SimplicityStudio\v4_workspace\Mesh_Smoke_Receiver-master\protocol\bluetooth\lib\EFR32XG13X\GCC\libbluetooth_mesh.a(rail_ble.o)
                0x0003212c                RAIL_BLE_ConfigPhyCoded
 .text.RAILCore_BLE_ConfigChannelRadioParams
                0x00032134       0x52 C:\Users\dthes\SimplicityStudio\v4_workspace\Mesh_Smoke_Receiver-master\protocol\bluetooth\lib\EFR32XG13X\GCC\libbluetooth_mesh.a(rail_ble.o)
                0x00032134                RAILINT_301fd6966b03cc938549fcaff8ed0b8e
 .text.RAIL_BLE_ConfigChannelRadioParams
                0x00032186       0x12 C:\Users\dthes\SimplicityStudio\v4_workspace\Mesh_Smoke_Receiver-master\protocol\bluetooth\lib\EFR32XG13X\GCC\libbluetooth_mesh.a(rail_ble.o)
                0x00032186                RAIL_BLE_ConfigChannelRadioParams
 .text.RAIL_BLE_PhySwitchToRx
                0x00032198       0x20 C:\Users\dthes\SimplicityStudio\v4_workspace\Mesh_Smoke_Receiver-master\protocol\bluetooth\lib\EFR32XG13X\GCC\libbluetooth_mesh.a(rail_ble.o)
                0x00032198                RAIL_BLE_PhySwitchToRx
 .text.RFHAL_ConfigBle2MbpsViterbi
                0x000321b8       0x1c C:\Users\dthes\SimplicityStudio\v4_workspace\Mesh_Smoke_Receiver-master\protocol\bluetooth\lib\EFR32XG13X\GCC\libbluetooth_mesh.a(rail_ble_rf_hal.o)
                0x000321b8                RAILINT_779afa263ed7c3c82ebba499c78a7403
 .text.RFHAL_ConfigBle1MbpsViterbi
                0x000321d4       0x1c C:\Users\dthes\SimplicityStudio\v4_workspace\Mesh_Smoke_Receiver-master\protocol\bluetooth\lib\EFR32XG13X\GCC\libbluetooth_mesh.a(rail_ble_rf_hal.o)
                0x000321d4                RAILINT_66ff65441ee5a52a57deeb36588ce487
 .text.RFHAL_ConfigBleCoded
                0x000321f0       0x38 C:\Users\dthes\SimplicityStudio\v4_workspace\Mesh_Smoke_Receiver-master\protocol\bluetooth\lib\EFR32XG13X\GCC\libbluetooth_mesh.a(rail_ble_rf_hal.o)
                0x000321f0                RAILINT_909b6a7ef307e72517ccf71f477853a4
 .text.RFHAL_BleReinit
                0x00032228       0x1c C:\Users\dthes\SimplicityStudio\v4_workspace\Mesh_Smoke_Receiver-master\protocol\bluetooth\lib\EFR32XG13X\GCC\libbluetooth_mesh.a(rail_ble_rf_hal.o)
                0x00032228                RAILINT_04333b69a0dca60b3c740e5ea8c3aaab
 .text.RFHAL_BleInit
                0x00032244       0x12 C:\Users\dthes\SimplicityStudio\v4_workspace\Mesh_Smoke_Receiver-master\protocol\bluetooth\lib\EFR32XG13X\GCC\libbluetooth_mesh.a(rail_ble_rf_hal.o)
                0x00032244                RAILINT_c9e391ec0aca95ac3fcb39c2a85bfbd7
 .text.RFHAL_IsBleLongRangeEnabled
                0x00032256        0xe C:\Users\dthes\SimplicityStudio\v4_workspace\Mesh_Smoke_Receiver-master\protocol\bluetooth\lib\EFR32XG13X\GCC\libbluetooth_mesh.a(rail_ble_rf_hal.o)
                0x00032256                RAILINT_b1bc1368cb0ab6c3a512d68344391b7e
 .text.RFHAL_BLEPreambleSyncWordSet
                0x00032264       0x44 C:\Users\dthes\SimplicityStudio\v4_workspace\Mesh_Smoke_Receiver-master\protocol\bluetooth\lib\EFR32XG13X\GCC\libbluetooth_mesh.a(rail_ble_rf_hal.o)
                0x00032264                RAILINT_ea38e09a46dca6f91d142e88e3db7e0e
 .text.RFHAL_BLEWhiteningSet
                0x000322a8       0x68 C:\Users\dthes\SimplicityStudio\v4_workspace\Mesh_Smoke_Receiver-master\protocol\bluetooth\lib\EFR32XG13X\GCC\libbluetooth_mesh.a(rail_ble_rf_hal.o)
                0x000322a8                RAILINT_f866b70e0793b3932db6c314ddec02ae
 .text.RFHAL_BlePhySwitchToRx
                0x00032310       0xe0 C:\Users\dthes\SimplicityStudio\v4_workspace\Mesh_Smoke_Receiver-master\protocol\bluetooth\lib\EFR32XG13X\GCC\libbluetooth_mesh.a(rail_ble_rf_hal.o)
                0x00032310                RAILINT_385c26eda9eb82a18dffc09180dc91d8
 .text.RAIL_WriteTxFifo
                0x000323f0        0x8 C:\Users\dthes\SimplicityStudio\v4_workspace\Mesh_Smoke_Receiver-master\protocol\bluetooth\lib\EFR32XG13X\GCC\libbluetooth_mesh.a(rail_data.o)
                0x000323f0                RAIL_WriteTxFifo
 .text.RAIL_SetTxFifo
                0x000323f8        0x8 C:\Users\dthes\SimplicityStudio\v4_workspace\Mesh_Smoke_Receiver-master\protocol\bluetooth\lib\EFR32XG13X\GCC\libbluetooth_mesh.a(rail_data.o)
                0x000323f8                RAIL_SetTxFifo
 .text.RAIL_SetRxFifo
                0x00032400        0x8 C:\Users\dthes\SimplicityStudio\v4_workspace\Mesh_Smoke_Receiver-master\protocol\bluetooth\lib\EFR32XG13X\GCC\libbluetooth_mesh.a(rail_data.o)
                0x00032400                RAIL_SetRxFifo
 .text.RAILCb_SetupRxFifo
                0x00032408       0x30 C:\Users\dthes\SimplicityStudio\v4_workspace\Mesh_Smoke_Receiver-master\protocol\bluetooth\lib\EFR32XG13X\GCC\libbluetooth_mesh.a(rail_data.o)
                0x00032408                RAILCb_SetupRxFifo
 .text.RAIL_GetRxPacketInfo
                0x00032438        0x8 C:\Users\dthes\SimplicityStudio\v4_workspace\Mesh_Smoke_Receiver-master\protocol\bluetooth\lib\EFR32XG13X\GCC\libbluetooth_mesh.a(rail_data.o)
                0x00032438                RAIL_GetRxPacketInfo
 .text.RAIL_GetRxPacketDetailsAlt
                0x00032440        0x8 C:\Users\dthes\SimplicityStudio\v4_workspace\Mesh_Smoke_Receiver-master\protocol\bluetooth\lib\EFR32XG13X\GCC\libbluetooth_mesh.a(rail_data.o)
                0x00032440                RAIL_GetRxPacketDetailsAlt
 .text.RAIL_GetRxTimePreambleStartAlt
                0x00032448        0x8 C:\Users\dthes\SimplicityStudio\v4_workspace\Mesh_Smoke_Receiver-master\protocol\bluetooth\lib\EFR32XG13X\GCC\libbluetooth_mesh.a(rail_data.o)
                0x00032448                RAIL_GetRxTimePreambleStartAlt
 .text.RAIL_ResetFifo
                0x00032450       0x24 C:\Users\dthes\SimplicityStudio\v4_workspace\Mesh_Smoke_Receiver-master\protocol\bluetooth\lib\EFR32XG13X\GCC\libbluetooth_mesh.a(rail_data.o)
                0x00032450                RAIL_ResetFifo
 .text.RAIL_ConfigPti
                0x00032474        0x6 C:\Users\dthes\SimplicityStudio\v4_workspace\Mesh_Smoke_Receiver-master\protocol\bluetooth\lib\EFR32XG13X\GCC\libbluetooth_mesh.a(rail_pti.o)
                0x00032474                RAIL_ConfigPti
 .text.RAIL_EnablePti
                0x0003247a        0x6 C:\Users\dthes\SimplicityStudio\v4_workspace\Mesh_Smoke_Receiver-master\protocol\bluetooth\lib\EFR32XG13X\GCC\libbluetooth_mesh.a(rail_pti.o)
                0x0003247a                RAIL_EnablePti
 .text.radioConfigChangedDefault
                0x00032480        0x2 C:\Users\dthes\SimplicityStudio\v4_workspace\Mesh_Smoke_Receiver-master\protocol\bluetooth\lib\EFR32XG13X\GCC\libbluetooth_mesh.a(rail_rf.o)
 .text.isTransitionState
                0x00032482       0x12 C:\Users\dthes\SimplicityStudio\v4_workspace\Mesh_Smoke_Receiver-master\protocol\bluetooth\lib\EFR32XG13X\GCC\libbluetooth_mesh.a(rail_rf.o)
 .text.RAILCore_Idle.part.2
                0x00032494        0xc C:\Users\dthes\SimplicityStudio\v4_workspace\Mesh_Smoke_Receiver-master\protocol\bluetooth\lib\EFR32XG13X\GCC\libbluetooth_mesh.a(rail_rf.o)
 .text.RAIL_UnlockModule
                0x000324a0        0x4 C:\Users\dthes\SimplicityStudio\v4_workspace\Mesh_Smoke_Receiver-master\protocol\bluetooth\lib\EFR32XG13X\GCC\libbluetooth_mesh.a(rail_rf.o)
                0x000324a0                RAIL_UnlockModule
 .text.RAILCore_Init
                0x000324a4       0x1e C:\Users\dthes\SimplicityStudio\v4_workspace\Mesh_Smoke_Receiver-master\protocol\bluetooth\lib\EFR32XG13X\GCC\libbluetooth_mesh.a(rail_rf.o)
                0x000324a4                RAILINT_59121321a1358ecc506fdb12a688e30c
 *fill*         0x000324c2        0x2 
 .text.RAILInt_SetCallbackConfig
                0x000324c4       0x28 C:\Users\dthes\SimplicityStudio\v4_workspace\Mesh_Smoke_Receiver-master\protocol\bluetooth\lib\EFR32XG13X\GCC\libbluetooth_mesh.a(rail_rf.o)
                0x000324c4                RAILINT_67b8f114888c610aba62f28a55421a70
 .text.RAILCore_Idle
                0x000324ec       0x14 C:\Users\dthes\SimplicityStudio\v4_workspace\Mesh_Smoke_Receiver-master\protocol\bluetooth\lib\EFR32XG13X\GCC\libbluetooth_mesh.a(rail_rf.o)
                0x000324ec                RAILINT_c5804fbffcb4bb00ba2d55e8180afacd
 .text.RAILCb_CalcBitRate
                0x00032500        0x8 C:\Users\dthes\SimplicityStudio\v4_workspace\Mesh_Smoke_Receiver-master\protocol\bluetooth\lib\EFR32XG13X\GCC\libbluetooth_mesh.a(rail_rf.o)
                0x00032500                RAILCb_CalcBitRate
 .text.RAIL_SetStateTiming
                0x00032508        0x8 C:\Users\dthes\SimplicityStudio\v4_workspace\Mesh_Smoke_Receiver-master\protocol\bluetooth\lib\EFR32XG13X\GCC\libbluetooth_mesh.a(rail_rf.o)
                0x00032508                RAIL_SetStateTiming
 .text.RAILInt_ComputeSetChannel
                0x00032510       0xac C:\Users\dthes\SimplicityStudio\v4_workspace\Mesh_Smoke_Receiver-master\protocol\bluetooth\lib\EFR32XG13X\GCC\libbluetooth_mesh.a(rail_rf.o)
                0x00032510                RAILINT_72eb364d7718334eae17f88a79f3de40
 .text.RAILInt_SetChannelRaw
                0x000325bc      0x100 C:\Users\dthes\SimplicityStudio\v4_workspace\Mesh_Smoke_Receiver-master\protocol\bluetooth\lib\EFR32XG13X\GCC\libbluetooth_mesh.a(rail_rf.o)
                0x000325bc                RAILINT_a7edce70c9b1ddcd5d57d31ae701eb09
 .text.RAILInt_SetChannel
                0x000326bc       0x1c C:\Users\dthes\SimplicityStudio\v4_workspace\Mesh_Smoke_Receiver-master\protocol\bluetooth\lib\EFR32XG13X\GCC\libbluetooth_mesh.a(rail_rf.o)
                0x000326bc                RAILINT_e0dfaecc04939a24e643c7a83fed51fa
 .text.RAILCore_ConfigChannels
                0x000326d8       0x70 C:\Users\dthes\SimplicityStudio\v4_workspace\Mesh_Smoke_Receiver-master\protocol\bluetooth\lib\EFR32XG13X\GCC\libbluetooth_mesh.a(rail_rf.o)
                0x000326d8                RAILINT_4d8e913cc0a2a756e4017ab74ecff076
 .text.RAILInt_GetChannel
                0x00032748        0x4 C:\Users\dthes\SimplicityStudio\v4_workspace\Mesh_Smoke_Receiver-master\protocol\bluetooth\lib\EFR32XG13X\GCC\libbluetooth_mesh.a(rail_rf.o)
                0x00032748                RAILINT_aa7b882f5023851e2f6a935b3993ee64
 .text.RAILCore_SetTxTransitions
                0x0003274c       0x3c C:\Users\dthes\SimplicityStudio\v4_workspace\Mesh_Smoke_Receiver-master\protocol\bluetooth\lib\EFR32XG13X\GCC\libbluetooth_mesh.a(rail_rf.o)
                0x0003274c                RAILINT_60c29796d4368fee9b7d114bf204b331
 .text.RAIL_SetTxTransitions
                0x00032788        0x8 C:\Users\dthes\SimplicityStudio\v4_workspace\Mesh_Smoke_Receiver-master\protocol\bluetooth\lib\EFR32XG13X\GCC\libbluetooth_mesh.a(rail_rf.o)
                0x00032788                RAIL_SetTxTransitions
 .text.RAILCore_SetRxTransitions
                0x00032790       0x38 C:\Users\dthes\SimplicityStudio\v4_workspace\Mesh_Smoke_Receiver-master\protocol\bluetooth\lib\EFR32XG13X\GCC\libbluetooth_mesh.a(rail_rf.o)
                0x00032790                RAILINT_20405add256d5061bc482206e21c44d6
 .text.RAIL_SetRxTransitions
                0x000327c8        0x8 C:\Users\dthes\SimplicityStudio\v4_workspace\Mesh_Smoke_Receiver-master\protocol\bluetooth\lib\EFR32XG13X\GCC\libbluetooth_mesh.a(rail_rf.o)
                0x000327c8                RAIL_SetRxTransitions
 .text.RAIL_ConfigEvents
                0x000327d0       0x14 C:\Users\dthes\SimplicityStudio\v4_workspace\Mesh_Smoke_Receiver-master\protocol\bluetooth\lib\EFR32XG13X\GCC\libbluetooth_mesh.a(rail_rf.o)
                0x000327d0                RAIL_ConfigEvents
 .text.eventDefault
                0x000327e4        0x2 C:\Users\dthes\SimplicityStudio\v4_workspace\Mesh_Smoke_Receiver-master\protocol\bluetooth\lib\EFR32XG13X\GCC\libbluetooth_mesh.a(rail_rf_hal.o)
 *fill*         0x000327e6        0x2 
 .text.RFHAL_NotifyUserOfIrCal
                0x000327e8       0x74 C:\Users\dthes\SimplicityStudio\v4_workspace\Mesh_Smoke_Receiver-master\protocol\bluetooth\lib\EFR32XG13X\GCC\libbluetooth_mesh.a(rail_rf_hal.o)
 .text.RFHAL_ConfigFrameTypeLength
                0x0003285c       0x70 C:\Users\dthes\SimplicityStudio\v4_workspace\Mesh_Smoke_Receiver-master\protocol\bluetooth\lib\EFR32XG13X\GCC\libbluetooth_mesh.a(rail_rf_hal.o)
                0x0003285c                RAILINT_d47266c0db43f83e9de21bc91e34975e
 .text.RFHAL_IntEnable
                0x000328cc       0x58 C:\Users\dthes\SimplicityStudio\v4_workspace\Mesh_Smoke_Receiver-master\protocol\bluetooth\lib\EFR32XG13X\GCC\libbluetooth_mesh.a(rail_rf_hal.o)
                0x000328cc                RAILINT_40412a06a73a58611332d278503bc3d6
 .text.RFHAL_SetEventCallback
                0x00032924       0x18 C:\Users\dthes\SimplicityStudio\v4_workspace\Mesh_Smoke_Receiver-master\protocol\bluetooth\lib\EFR32XG13X\GCC\libbluetooth_mesh.a(rail_rf_hal.o)
                0x00032924                RAILINT_d85fb759c83f6e350ace663af6f33b19
 .text.RFHAL_SetPtiProtocol
                0x0003293c       0x20 C:\Users\dthes\SimplicityStudio\v4_workspace\Mesh_Smoke_Receiver-master\protocol\bluetooth\lib\EFR32XG13X\GCC\libbluetooth_mesh.a(rail_rf_hal.o)
                0x0003293c                RAILINT_6d8fbe8d751afa545612026690abd42a
 .text.RFHAL_Idle
                0x0003295c       0x2a C:\Users\dthes\SimplicityStudio\v4_workspace\Mesh_Smoke_Receiver-master\protocol\bluetooth\lib\EFR32XG13X\GCC\libbluetooth_mesh.a(rail_rf_hal.o)
                0x0003295c                RAILINT_3041ee68c2b41950b0bf839d27f5d049
 *fill*         0x00032986        0x2 
 .text.RFHAL_GetRadioState
                0x00032988       0x48 C:\Users\dthes\SimplicityStudio\v4_workspace\Mesh_Smoke_Receiver-master\protocol\bluetooth\lib\EFR32XG13X\GCC\libbluetooth_mesh.a(rail_rf_hal.o)
                0x00032988                RAILINT_f5d04763af9c9c69bca278c1fb1e9fea
 .text.RFHAL_OkToTransmit
                0x000329d0       0x18 C:\Users\dthes\SimplicityStudio\v4_workspace\Mesh_Smoke_Receiver-master\protocol\bluetooth\lib\EFR32XG13X\GCC\libbluetooth_mesh.a(rail_rf_hal.o)
                0x000329d0                RAILINT_7eee3adfe8ccb91236a7b23c68c562ed
 .text.RFHAL_ScheduleRx
                0x000329e8       0x5a C:\Users\dthes\SimplicityStudio\v4_workspace\Mesh_Smoke_Receiver-master\protocol\bluetooth\lib\EFR32XG13X\GCC\libbluetooth_mesh.a(rail_rf_hal.o)
                0x000329e8                RAILINT_97c19152ba85112fa42074bf04eafa43
 *fill*         0x00032a42        0x2 
 .text.RFHAL_EnableRxRawCapture
                0x00032a44       0x58 C:\Users\dthes\SimplicityStudio\v4_workspace\Mesh_Smoke_Receiver-master\protocol\bluetooth\lib\EFR32XG13X\GCC\libbluetooth_mesh.a(rail_rf_hal.o)
                0x00032a44                RAILINT_b091481120c5b69b64d1795bd186a53a
 .text.RFHAL_DisableRxRawCapture
                0x00032a9c       0x64 C:\Users\dthes\SimplicityStudio\v4_workspace\Mesh_Smoke_Receiver-master\protocol\bluetooth\lib\EFR32XG13X\GCC\libbluetooth_mesh.a(rail_rf_hal.o)
                0x00032a9c                RAILINT_a3eadf0d43c66c908fc6ca41226d2d7f
 .text.RFHAL_ConfigRxOptions
                0x00032b00      0x154 C:\Users\dthes\SimplicityStudio\v4_workspace\Mesh_Smoke_Receiver-master\protocol\bluetooth\lib\EFR32XG13X\GCC\libbluetooth_mesh.a(rail_rf_hal.o)
                0x00032b00                RAILINT_2d49aecfcb6d27d54075c2234a55d5e7
 .text.RFHAL_GetTimer
                0x00032c54        0xc C:\Users\dthes\SimplicityStudio\v4_workspace\Mesh_Smoke_Receiver-master\protocol\bluetooth\lib\EFR32XG13X\GCC\libbluetooth_mesh.a(rail_rf_hal.o)
                0x00032c54                RAILINT_4fd600df73ad738dc6134784e52dde98
 .text.RFHAL_CancelTimer
                0x00032c60       0x28 C:\Users\dthes\SimplicityStudio\v4_workspace\Mesh_Smoke_Receiver-master\protocol\bluetooth\lib\EFR32XG13X\GCC\libbluetooth_mesh.a(rail_rf_hal.o)
                0x00032c60                RAILINT_e0897ab09399e1165ab8996ccbe6a963
 .text.RFHAL_SetTimer
                0x00032c88       0x7c C:\Users\dthes\SimplicityStudio\v4_workspace\Mesh_Smoke_Receiver-master\protocol\bluetooth\lib\EFR32XG13X\GCC\libbluetooth_mesh.a(rail_rf_hal.o)
                0x00032c88                RAILINT_3212ddcec5ace9cb56e8f1cb3ca8d33c
 .text.RFHAL_IsTimerExpired
                0x00032d04       0x1c C:\Users\dthes\SimplicityStudio\v4_workspace\Mesh_Smoke_Receiver-master\protocol\bluetooth\lib\EFR32XG13X\GCC\libbluetooth_mesh.a(rail_rf_hal.o)
                0x00032d04                RAILINT_7eae5faad95e83134e2b9bc718f32f6f
 .text.RFHAL_IsTimerRunning
                0x00032d20        0x6 C:\Users\dthes\SimplicityStudio\v4_workspace\Mesh_Smoke_Receiver-master\protocol\bluetooth\lib\EFR32XG13X\GCC\libbluetooth_mesh.a(rail_rf_hal.o)
                0x00032d20                RAILINT_5191d19cdec3b4ae777036af4371e407
 *fill*         0x00032d26        0x2 
 .text.RFHAL_CalcBitRate
                0x00032d28        0xc C:\Users\dthes\SimplicityStudio\v4_workspace\Mesh_Smoke_Receiver-master\protocol\bluetooth\lib\EFR32XG13X\GCC\libbluetooth_mesh.a(rail_rf_hal.o)
                0x00032d28                RAILINT_ac7481211d96e3b09748432fa25bc4fd
 .text.RFHAL_GetBitRate
                0x00032d34       0x26 C:\Users\dthes\SimplicityStudio\v4_workspace\Mesh_Smoke_Receiver-master\protocol\bluetooth\lib\EFR32XG13X\GCC\libbluetooth_mesh.a(rail_rf_hal.o)
                0x00032d34                RAILINT_4023934c67ddd0d583f73647d279ff8c
 *fill*         0x00032d5a        0x2 
 .text.RFHAL_GetRxBitRate.isra.5
                0x00032d5c       0x28 C:\Users\dthes\SimplicityStudio\v4_workspace\Mesh_Smoke_Receiver-master\protocol\bluetooth\lib\EFR32XG13X\GCC\libbluetooth_mesh.a(rail_rf_hal.o)
 .text.RFHAL_SetTxTransitions
                0x00032d84       0x1c C:\Users\dthes\SimplicityStudio\v4_workspace\Mesh_Smoke_Receiver-master\protocol\bluetooth\lib\EFR32XG13X\GCC\libbluetooth_mesh.a(rail_rf_hal.o)
                0x00032d84                RAILINT_023f2cf2a2a5edcfa10ef64050265cd5
 .text.RFHAL_SetRxTransitions
                0x00032da0       0x1c C:\Users\dthes\SimplicityStudio\v4_workspace\Mesh_Smoke_Receiver-master\protocol\bluetooth\lib\EFR32XG13X\GCC\libbluetooth_mesh.a(rail_rf_hal.o)
                0x00032da0                RAILINT_ce0cca6435b4e9db157575e99b6a93a5
 .text.RFHAL_SetCRCInitVal
                0x00032dbc        0x4 C:\Users\dthes\SimplicityStudio\v4_workspace\Mesh_Smoke_Receiver-master\protocol\bluetooth\lib\EFR32XG13X\GCC\libbluetooth_mesh.a(rail_rf_hal.o)
                0x00032dbc                RAILINT_510fab046c1fe71631170f682429666d
 .text.RFHAL_ConfigTxPower
                0x00032dc0       0x3a C:\Users\dthes\SimplicityStudio\v4_workspace\Mesh_Smoke_Receiver-master\protocol\bluetooth\lib\EFR32XG13X\GCC\libbluetooth_mesh.a(rail_rf_hal.o)
                0x00032dc0                RAILINT_833ef1b435e1d6dcacb5e19d3b6f023f
 .text.RFHAL_SetTxPowerUnchecked
                0x00032dfa       0x30 C:\Users\dthes\SimplicityStudio\v4_workspace\Mesh_Smoke_Receiver-master\protocol\bluetooth\lib\EFR32XG13X\GCC\libbluetooth_mesh.a(rail_rf_hal.o)
                0x00032dfa                RAILINT_39d00ddcadbc93313393e1c6bb75297c
 .text.RFHAL_SetTxPower
                0x00032e2a       0x3c C:\Users\dthes\SimplicityStudio\v4_workspace\Mesh_Smoke_Receiver-master\protocol\bluetooth\lib\EFR32XG13X\GCC\libbluetooth_mesh.a(rail_rf_hal.o)
                0x00032e2a                RAILINT_eaf571e90e0b4741516c9fbb7fed2bfb
 .text.RFHAL_GetTxPowerConfig
                0x00032e66        0xc C:\Users\dthes\SimplicityStudio\v4_workspace\Mesh_Smoke_Receiver-master\protocol\bluetooth\lib\EFR32XG13X\GCC\libbluetooth_mesh.a(rail_rf_hal.o)
                0x00032e66                RAILINT_3a7f36375c49f19d1f9a6b6388464608
 .text.RFHAL_GetTxPower
                0x00032e72        0xe C:\Users\dthes\SimplicityStudio\v4_workspace\Mesh_Smoke_Receiver-master\protocol\bluetooth\lib\EFR32XG13X\GCC\libbluetooth_mesh.a(rail_rf_hal.o)
                0x00032e72                RAILINT_89ee9cd3eee65b37bee8eed7a9b631b6
 .text.RFHAL_CalculateSynthParams
                0x00032e80       0x7a C:\Users\dthes\SimplicityStudio\v4_workspace\Mesh_Smoke_Receiver-master\protocol\bluetooth\lib\EFR32XG13X\GCC\libbluetooth_mesh.a(rail_rf_hal.o)
                0x00032e80                RAILINT_074d00355e69f06bd5d99672a2e044d2
 .text.RFHAL_SetChannel
                0x00032efa       0x76 C:\Users\dthes\SimplicityStudio\v4_workspace\Mesh_Smoke_Receiver-master\protocol\bluetooth\lib\EFR32XG13X\GCC\libbluetooth_mesh.a(rail_rf_hal.o)
                0x00032efa                RAILINT_82cb69b0972fa2512c3bdb5f16e24fca
 .text.RFHAL_IsAutoAckEnabled
                0x00032f70        0x8 C:\Users\dthes\SimplicityStudio\v4_workspace\Mesh_Smoke_Receiver-master\protocol\bluetooth\lib\EFR32XG13X\GCC\libbluetooth_mesh.a(rail_rf_hal.o)
                0x00032f70                RAILINT_ce02a739082f36580275d98771e2a8d3
 .text.RFHAL_AutoAckWaitForAck
                0x00032f78       0x18 C:\Users\dthes\SimplicityStudio\v4_workspace\Mesh_Smoke_Receiver-master\protocol\bluetooth\lib\EFR32XG13X\GCC\libbluetooth_mesh.a(rail_rf_hal.o)
                0x00032f78                RAILINT_0a7d1d9a24308e68c2362d7ddca762b2
 .text.RFHAL_GetRxPacketInfo
                0x00032f90       0x48 C:\Users\dthes\SimplicityStudio\v4_workspace\Mesh_Smoke_Receiver-master\protocol\bluetooth\lib\EFR32XG13X\GCC\libbluetooth_mesh.a(rail_rf_hal.o)
                0x00032f90                RAILINT_39475387e0cb29596ec425b4cfae76fb
 .text.RFHAL_GetRxPacketDetailsAlt
                0x00032fd8      0x150 C:\Users\dthes\SimplicityStudio\v4_workspace\Mesh_Smoke_Receiver-master\protocol\bluetooth\lib\EFR32XG13X\GCC\libbluetooth_mesh.a(rail_rf_hal.o)
                0x00032fd8                RAILINT_7340662f8076c6df26ddd5f2b9cd6a27
 .text.RFHAL_GetRxTimePreambleStart
                0x00033128       0x2c C:\Users\dthes\SimplicityStudio\v4_workspace\Mesh_Smoke_Receiver-master\protocol\bluetooth\lib\EFR32XG13X\GCC\libbluetooth_mesh.a(rail_rf_hal.o)
                0x00033128                RAILINT_5e0dff499d47d29af54b31d243bd9f2d
 .text.RFHAL_SetTxBuffer